2025-08-07T19:14:36.5988566Z Current runner version: '2.327.1'
2025-08-07T19:14:36.6014770Z ##[group]Runner Image Provisioner
2025-08-07T19:14:36.6015595Z Hosted Compute Agent
2025-08-07T19:14:36.6016222Z Version: 20250711.363
2025-08-07T19:14:36.6016837Z Commit: 6785254374ce925a23743850c1cb91912ce5c14c
2025-08-07T19:14:36.6017479Z Build Date: 2025-07-11T20:04:25Z
2025-08-07T19:14:36.6018125Z ##[endgroup]
2025-08-07T19:14:36.6018675Z ##[group]Operating System
2025-08-07T19:14:36.6019241Z Ubuntu
2025-08-07T19:14:36.6019677Z 24.04.2
2025-08-07T19:14:36.6020217Z LTS
2025-08-07T19:14:36.6020642Z ##[endgroup]
2025-08-07T19:14:36.6021118Z ##[group]Runner Image
2025-08-07T19:14:36.6021773Z Image: ubuntu-24.04
2025-08-07T19:14:36.6022241Z Version: 20250728.1.0
2025-08-07T19:14:36.6023230Z Included Software: https://github.com/actions/runner-images/blob/ubuntu24/20250728.1/images/ubuntu/Ubuntu2404-Readme.md
2025-08-07T19:14:36.6024973Z Image Release: https://github.com/actions/runner-images/releases/tag/ubuntu24%2F20250728.1
2025-08-07T19:14:36.6025922Z ##[endgroup]
2025-08-07T19:14:36.6027018Z ##[group]GITHUB_TOKEN Permissions
2025-08-07T19:14:36.6028933Z Contents: write
2025-08-07T19:14:36.6029592Z Metadata: read
2025-08-07T19:14:36.6030106Z ##[endgroup]
2025-08-07T19:14:36.6032640Z Secret source: Actions
2025-08-07T19:14:36.6033604Z Prepare workflow directory
2025-08-07T19:14:36.6378429Z Prepare all required actions
2025-08-07T19:14:36.6419606Z Getting action download info
2025-08-07T19:14:37.1176603Z ##[group]Download immutable action package 'actions/checkout@v4'
2025-08-07T19:14:37.1177802Z Version: 4.2.2
2025-08-07T19:14:37.1178759Z Digest: sha256:ccb2698953eaebd21c7bf6268a94f9c26518a7e38e27e0b83c1fe1ad049819b1
2025-08-07T19:14:37.1179839Z Source commit SHA: 11bd71901bbe5b1630ceea73d27597364c9af683
2025-08-07T19:14:37.1181061Z ##[endgroup]
2025-08-07T19:14:37.2408965Z ##[group]Download immutable action package 'actions/cache@v4'
2025-08-07T19:14:37.2409705Z Version: 4.2.4
2025-08-07T19:14:37.2410530Z Digest: sha256:0ce81a78be9a512dff294f151044f903a6b54593e7b355dcbf964e8d583e47aa
2025-08-07T19:14:37.2411550Z Source commit SHA: 0400d5f644dc74513175e3cd8d07132dd4860809
2025-08-07T19:14:37.2412200Z ##[endgroup]
2025-08-07T19:14:37.5595105Z Download action repository 'softprops/action-gh-release@v1' (SHA:de2c0eb89ae2a093876385947365aca7b0e5f844)
2025-08-07T19:14:38.1142117Z Complete job name: update
2025-08-07T19:14:38.2023435Z ##[group]Run actions/checkout@v4
2025-08-07T19:14:38.2025074Z with:
2025-08-07T19:14:38.2025864Z   repository: Andylive5518/update_rules
2025-08-07T19:14:38.2027509Z   token: ***
2025-08-07T19:14:38.2028294Z   ssh-strict: true
2025-08-07T19:14:38.2029034Z   ssh-user: git
2025-08-07T19:14:38.2029808Z   persist-credentials: true
2025-08-07T19:14:38.2030668Z   clean: true
2025-08-07T19:14:38.2031460Z   sparse-checkout-cone-mode: true
2025-08-07T19:14:38.2032798Z   fetch-depth: 1
2025-08-07T19:14:38.2033565Z   fetch-tags: false
2025-08-07T19:14:38.2034696Z   show-progress: true
2025-08-07T19:14:38.2035563Z   lfs: false
2025-08-07T19:14:38.2036581Z   submodules: false
2025-08-07T19:14:38.2037572Z   set-safe-directory: true
2025-08-07T19:14:38.2038987Z ##[endgroup]
2025-08-07T19:14:38.3221722Z Syncing repository: Andylive5518/update_rules
2025-08-07T19:14:38.3226407Z ##[group]Getting Git version info
2025-08-07T19:14:38.3227981Z Working directory is '/home/runner/work/update_rules/update_rules'
2025-08-07T19:14:38.3229954Z [command]/usr/bin/git version
2025-08-07T19:14:38.3316011Z git version 2.50.1
2025-08-07T19:14:38.3344746Z ##[endgroup]
2025-08-07T19:14:38.3362666Z Temporarily overriding HOME='/home/runner/work/_temp/7dad80f5-489d-43da-910b-6dba6bd7bef1' before making global git config changes
2025-08-07T19:14:38.3367632Z Adding repository directory to the temporary git global config as a safe directory
2025-08-07T19:14:38.3371313Z [command]/usr/bin/git config --global --add safe.directory /home/runner/work/update_rules/update_rules
2025-08-07T19:14:38.3419217Z Deleting the contents of '/home/runner/work/update_rules/update_rules'
2025-08-07T19:14:38.3423398Z ##[group]Initializing the repository
2025-08-07T19:14:38.3428852Z [command]/usr/bin/git init /home/runner/work/update_rules/update_rules
2025-08-07T19:14:38.3568442Z hint: Using 'master' as the name for the initial branch. This default branch name
2025-08-07T19:14:38.3571736Z hint: is subject to change. To configure the initial branch name to use in all
2025-08-07T19:14:38.3574008Z hint: of your new repositories, which will suppress this warning, call:
2025-08-07T19:14:38.3575341Z hint:
2025-08-07T19:14:38.3576236Z hint: 	git config --global init.defaultBranch <name>
2025-08-07T19:14:38.3577580Z hint:
2025-08-07T19:14:38.3578895Z hint: Names commonly chosen instead of 'master' are 'main', 'trunk' and
2025-08-07T19:14:38.3580649Z hint: 'development'. The just-created branch can be renamed via this command:
2025-08-07T19:14:38.3582004Z hint:
2025-08-07T19:14:38.3583073Z hint: 	git branch -m <name>
2025-08-07T19:14:38.3584485Z hint:
2025-08-07T19:14:38.3585638Z hint: Disable this message with "git config set advice.defaultBranchName false"
2025-08-07T19:14:38.3587726Z Initialized empty Git repository in /home/runner/work/update_rules/update_rules/.git/
2025-08-07T19:14:38.3591054Z [command]/usr/bin/git remote add origin https://github.com/Andylive5518/update_rules
2025-08-07T19:14:38.3625436Z ##[endgroup]
2025-08-07T19:14:38.3626819Z ##[group]Disabling automatic garbage collection
2025-08-07T19:14:38.3629115Z [command]/usr/bin/git config --local gc.auto 0
2025-08-07T19:14:38.3660530Z ##[endgroup]
2025-08-07T19:14:38.3661794Z ##[group]Setting up auth
2025-08-07T19:14:38.3667165Z [command]/usr/bin/git config --local --name-only --get-regexp core\.sshCommand
2025-08-07T19:14:38.3700081Z [command]/usr/bin/git submodule foreach --recursive sh -c "git config --local --name-only --get-regexp 'core\.sshCommand' && git config --local --unset-all 'core.sshCommand' || :"
2025-08-07T19:14:38.4048970Z [command]/usr/bin/git config --local --name-only --get-regexp http\.https\:\/\/github\.com\/\.extraheader
2025-08-07T19:14:38.4084806Z [command]/usr/bin/git submodule foreach --recursive sh -c "git config --local --name-only --get-regexp 'http\.https\:\/\/github\.com\/\.extraheader' && git config --local --unset-all 'http.https://github.com/.extraheader' || :"
2025-08-07T19:14:38.4315786Z [command]/usr/bin/git config --local http.https://github.com/.extraheader AUTHORIZATION: basic ***
2025-08-07T19:14:38.4352095Z ##[endgroup]
2025-08-07T19:14:38.4353465Z ##[group]Fetching the repository
2025-08-07T19:14:38.4363084Z [command]/usr/bin/git -c protocol.version=2 fetch --no-tags --prune --no-recurse-submodules --depth=1 origin +6f1f27f07a15bc0a105a7345427ef936f7818e2a:refs/remotes/origin/main
2025-08-07T19:14:38.9847344Z From https://github.com/Andylive5518/update_rules
2025-08-07T19:14:38.9848393Z  * [new ref]         6f1f27f07a15bc0a105a7345427ef936f7818e2a -> origin/main
2025-08-07T19:14:38.9875598Z ##[endgroup]
2025-08-07T19:14:38.9876131Z ##[group]Determining the checkout info
2025-08-07T19:14:38.9877837Z ##[endgroup]
2025-08-07T19:14:38.9882684Z [command]/usr/bin/git sparse-checkout disable
2025-08-07T19:14:38.9924432Z [command]/usr/bin/git config --local --unset-all extensions.worktreeConfig
2025-08-07T19:14:38.9954268Z ##[group]Checking out the ref
2025-08-07T19:14:38.9958369Z [command]/usr/bin/git checkout --progress --force -B main refs/remotes/origin/main
2025-08-07T19:14:39.0415619Z Switched to a new branch 'main'
2025-08-07T19:14:39.0417195Z branch 'main' set up to track 'origin/main'.
2025-08-07T19:14:39.0426455Z ##[endgroup]
2025-08-07T19:14:39.0465955Z [command]/usr/bin/git log -1 --format=%H
2025-08-07T19:14:39.0489574Z 6f1f27f07a15bc0a105a7345427ef936f7818e2a
2025-08-07T19:14:39.0679007Z ##[group]Run mkdir -p rules/{mosdns,sing-box,json} clang/{ros,ip}
2025-08-07T19:14:39.0679686Z [36;1mmkdir -p rules/{mosdns,sing-box,json} clang/{ros,ip}[0m
2025-08-07T19:14:39.0713358Z shell: /usr/bin/bash -e {0}
2025-08-07T19:14:39.0713895Z ##[endgroup]
2025-08-07T19:14:39.1889013Z ##[group]Run actions/cache@v4
2025-08-07T19:14:39.1889576Z with:
2025-08-07T19:14:39.1889842Z   path: ~/.cache/apt/archives
2025-08-07T19:14:39.1890367Z   key: Linux-apt-packages-b70d16157d263deb60d515f42a26cd2d1d10a8407c4b478ed51cecc3328afd2f
2025-08-07T19:14:39.1890937Z   restore-keys: Linux-apt-packages-

2025-08-07T19:14:39.1891276Z   enableCrossOsArchive: false
2025-08-07T19:14:39.1891587Z   fail-on-cache-miss: false
2025-08-07T19:14:39.1891873Z   lookup-only: false
2025-08-07T19:14:39.1892135Z   save-always: false
2025-08-07T19:14:39.1892388Z ##[endgroup]
2025-08-07T19:14:39.6620995Z Cache not found for input keys: Linux-apt-packages-b70d16157d263deb60d515f42a26cd2d1d10a8407c4b478ed51cecc3328afd2f, Linux-apt-packages-
2025-08-07T19:14:39.6698407Z ##[group]Run sudo apt-get update
2025-08-07T19:14:39.6698842Z [36;1msudo apt-get update[0m
2025-08-07T19:14:39.6699190Z [36;1msudo apt-get install -y jq curl wget[0m
2025-08-07T19:14:39.6728990Z shell: /usr/bin/bash -e {0}
2025-08-07T19:14:39.6729316Z ##[endgroup]
2025-08-07T19:14:39.7627062Z Get:1 file:/etc/apt/apt-mirrors.txt Mirrorlist [144 B]
2025-08-07T19:14:39.7974962Z Hit:2 http://azure.archive.ubuntu.com/ubuntu noble InRelease
2025-08-07T19:14:39.7982747Z Get:6 https://packages.microsoft.com/repos/azure-cli noble InRelease [3564 B]
2025-08-07T19:14:39.7997948Z Get:3 http://azure.archive.ubuntu.com/ubuntu noble-updates InRelease [126 kB]
2025-08-07T19:14:39.8055565Z Get:7 https://packages.microsoft.com/ubuntu/24.04/prod noble InRelease [3600 B]
2025-08-07T19:14:39.8070909Z Get:4 http://azure.archive.ubuntu.com/ubuntu noble-backports InRelease [126 kB]
2025-08-07T19:14:39.8109315Z Get:5 http://azure.archive.ubuntu.com/ubuntu noble-security InRelease [126 kB]
2025-08-07T19:14:39.9468381Z Get:8 https://packages.microsoft.com/repos/azure-cli noble/main amd64 Packages [1497 B]
2025-08-07T19:14:40.0035873Z Get:9 http://azure.archive.ubuntu.com/ubuntu noble-updates/main amd64 Packages [1313 kB]
2025-08-07T19:14:40.0155985Z Get:10 http://azure.archive.ubuntu.com/ubuntu noble-updates/main Translation-en [264 kB]
2025-08-07T19:14:40.0178490Z Get:11 http://azure.archive.ubuntu.com/ubuntu noble-updates/main amd64 Components [164 kB]
2025-08-07T19:14:40.0236611Z Get:12 http://azure.archive.ubuntu.com/ubuntu noble-updates/universe amd64 Packages [1120 kB]
2025-08-07T19:14:40.0317354Z Get:13 http://azure.archive.ubuntu.com/ubuntu noble-updates/universe Translation-en [287 kB]
2025-08-07T19:14:40.0341146Z Get:14 http://azure.archive.ubuntu.com/ubuntu noble-updates/universe amd64 Components [377 kB]
2025-08-07T19:14:40.0378695Z Get:15 http://azure.archive.ubuntu.com/ubuntu noble-updates/restricted amd64 Packages [1645 kB]
2025-08-07T19:14:40.0478914Z Get:16 http://azure.archive.ubuntu.com/ubuntu noble-updates/restricted Translation-en [359 kB]
2025-08-07T19:14:40.0513208Z Get:17 http://azure.archive.ubuntu.com/ubuntu noble-updates/restricted amd64 Components [212 B]
2025-08-07T19:14:40.0522854Z Get:18 http://azure.archive.ubuntu.com/ubuntu noble-updates/multiverse amd64 Components [940 B]
2025-08-07T19:14:40.0758456Z Get:19 https://packages.microsoft.com/ubuntu/24.04/prod noble/main amd64 Packages [46.5 kB]
2025-08-07T19:14:40.0796095Z Get:20 https://packages.microsoft.com/ubuntu/24.04/prod noble/main arm64 Packages [32.0 kB]
2025-08-07T19:14:40.0824083Z Get:21 https://packages.microsoft.com/ubuntu/24.04/prod noble/main armhf Packages [9807 B]
2025-08-07T19:14:40.1779491Z Get:22 http://azure.archive.ubuntu.com/ubuntu noble-backports/main amd64 Components [7068 B]
2025-08-07T19:14:40.1798504Z Get:23 http://azure.archive.ubuntu.com/ubuntu noble-backports/universe amd64 Packages [28.9 kB]
2025-08-07T19:14:40.1812807Z Get:24 http://azure.archive.ubuntu.com/ubuntu noble-backports/universe Translation-en [17.4 kB]
2025-08-07T19:14:40.1829090Z Get:25 http://azure.archive.ubuntu.com/ubuntu noble-backports/universe amd64 Components [28.4 kB]
2025-08-07T19:14:40.1844148Z Get:26 http://azure.archive.ubuntu.com/ubuntu noble-backports/restricted amd64 Components [216 B]
2025-08-07T19:14:40.1890043Z Get:27 http://azure.archive.ubuntu.com/ubuntu noble-backports/multiverse amd64 Components [212 B]
2025-08-07T19:14:40.1907047Z Get:28 http://azure.archive.ubuntu.com/ubuntu noble-security/main amd64 Packages [1054 kB]
2025-08-07T19:14:40.2006763Z Get:29 http://azure.archive.ubuntu.com/ubuntu noble-security/main Translation-en [183 kB]
2025-08-07T19:14:40.2024946Z Get:30 http://azure.archive.ubuntu.com/ubuntu noble-security/main amd64 Components [21.6 kB]
2025-08-07T19:14:40.2040295Z Get:31 http://azure.archive.ubuntu.com/ubuntu noble-security/universe amd64 Packages [878 kB]
2025-08-07T19:14:40.2089406Z Get:32 http://azure.archive.ubuntu.com/ubuntu noble-security/universe Translation-en [194 kB]
2025-08-07T19:14:40.2113986Z Get:33 http://azure.archive.ubuntu.com/ubuntu noble-security/universe amd64 Components [52.3 kB]
2025-08-07T19:14:40.2127618Z Get:34 http://azure.archive.ubuntu.com/ubuntu noble-security/restricted amd64 Packages [1560 kB]
2025-08-07T19:14:40.2209378Z Get:35 http://azure.archive.ubuntu.com/ubuntu noble-security/restricted Translation-en [342 kB]
2025-08-07T19:14:40.2658972Z Get:36 http://azure.archive.ubuntu.com/ubuntu noble-security/restricted amd64 Components [212 B]
2025-08-07T19:14:40.2669159Z Get:37 http://azure.archive.ubuntu.com/ubuntu noble-security/multiverse amd64 Components [212 B]
2025-08-07T19:14:47.3587518Z Fetched 10.4 MB in 1s (7893 kB/s)
2025-08-07T19:14:48.0817556Z Reading package lists...
2025-08-07T19:14:48.1148262Z Reading package lists...
2025-08-07T19:14:48.3100402Z Building dependency tree...
2025-08-07T19:14:48.3108640Z Reading state information...
2025-08-07T19:14:48.5433080Z jq is already the newest version (1.7.1-3ubuntu0.24.04.1).
2025-08-07T19:14:48.5433887Z curl is already the newest version (8.5.0-2ubuntu10.6).
2025-08-07T19:14:48.5434379Z wget is already the newest version (1.21.4-1ubuntu4.1).
2025-08-07T19:14:48.5434943Z 0 upgraded, 0 newly installed, 0 to remove and 35 not upgraded.
2025-08-07T19:14:48.5479869Z ##[group]Run set -e
2025-08-07T19:14:48.5480141Z [36;1mset -e[0m
2025-08-07T19:14:48.5480875Z [36;1mRELEASE_INFO=$(curl -s https://api.github.com/repos/SagerNet/sing-box/releases/latest | jq -r '.assets[] | select(.name | contains("linux-amd64.tar.gz")) | {url: .browser_download_url, name: .name}')[0m
2025-08-07T19:14:48.5481649Z [36;1mDOWNLOAD_URL=$(echo "$RELEASE_INFO" | jq -r '.url')[0m
2025-08-07T19:14:48.5481986Z [36;1mFILE_NAME=$(echo "$RELEASE_INFO" | jq -r '.name')[0m
2025-08-07T19:14:48.5482318Z [36;1mecho "sing-box download URL: $DOWNLOAD_URL"[0m
2025-08-07T19:14:48.5482619Z [36;1mecho "sing-box file name: $FILE_NAME"[0m
2025-08-07T19:14:48.5482878Z [36;1mwget "$DOWNLOAD_URL"[0m
2025-08-07T19:14:48.5483105Z [36;1mtar -xzf "$FILE_NAME"[0m
2025-08-07T19:14:48.5483380Z [36;1mEXTRACTED_DIR=$(basename "$FILE_NAME" .tar.gz)[0m
2025-08-07T19:14:48.5483879Z [36;1msudo install "$EXTRACTED_DIR/sing-box" /usr/local/bin[0m
2025-08-07T19:14:48.5484215Z [36;1msing-box version[0m
2025-08-07T19:14:48.5511530Z shell: /usr/bin/bash -e {0}
2025-08-07T19:14:48.5511784Z ##[endgroup]
2025-08-07T19:14:48.8363046Z sing-box download URL: https://github.com/SagerNet/sing-box/releases/download/v1.12.0/sing-box-1.12.0-linux-amd64.tar.gz
2025-08-07T19:14:48.8615306Z --2025-08-07 19:14:48--  https://github.com/SagerNet/sing-box/releases/download/v1.12.0/sing-box-1.12.0-linux-amd64.tar.gz
2025-08-07T19:14:48.8616598Z sing-box file name: sing-box-1.12.0-linux-amd64.tar.gz
2025-08-07T19:14:48.8867932Z Resolving github.com (github.com)... 140.82.116.3
2025-08-07T19:14:48.9054614Z Connecting to github.com (github.com)|140.82.116.3|:443... connected.
2025-08-07T19:14:49.0776425Z HTTP request sent, awaiting response... 302 Found
2025-08-07T19:14:49.0784592Z Location: https://release-assets.githubusercontent.com/github-production-release-asset/509091576/24ad69b4-bc64-42a0-bce3-2ef490346cb7?sp=r&sv=2018-11-09&sr=b&spr=https&se=2025-08-07T20%3A09%3A19Z&rscd=attachment%3B+filename%3Dsing-box-1.12.0-linux-amd64.tar.gz&rsct=application%2Foctet-stream&skoid=96c2d410-5711-43a1-aedd-ab1947aa7ab0&sktid=398a6654-997b-47e9-b12b-9515b896b4de&skt=2025-08-07T19%3A09%3A12Z&ske=2025-08-07T20%3A09%3A19Z&sks=b&skv=2018-11-09&sig=shgIQuT63%2F35mHQrvkHfAZ5BG7cDuDsq3Ro5Njm09U8%3D&jwt=*** [following]
2025-08-07T19:14:49.0791648Z --2025-08-07 19:14:49--  https://release-assets.githubusercontent.com/github-production-release-asset/509091576/24ad69b4-bc64-42a0-bce3-2ef490346cb7?sp=r&sv=2018-11-09&sr=b&spr=https&se=2025-08-07T20%3A09%3A19Z&rscd=attachment%3B+filename%3Dsing-box-1.12.0-linux-amd64.tar.gz&rsct=application%2Foctet-stream&skoid=96c2d410-5711-43a1-aedd-ab1947aa7ab0&sktid=398a6654-997b-47e9-b12b-9515b896b4de&skt=2025-08-07T19%3A09%3A12Z&ske=2025-08-07T20%3A09%3A19Z&sks=b&skv=2018-11-09&sig=shgIQuT63%2F35mHQrvkHfAZ5BG7cDuDsq3Ro5Njm09U8%3D&jwt=***
2025-08-07T19:14:49.0798775Z Resolving release-assets.githubusercontent.com (release-assets.githubusercontent.com)... 185.199.111.133, 185.199.108.133, 185.199.109.133, ...
2025-08-07T19:14:49.0809714Z Connecting to release-assets.githubusercontent.com (release-assets.githubusercontent.com)|185.199.111.133|:443... connected.
2025-08-07T19:14:49.0883898Z HTTP request sent, awaiting response... 200 OK
2025-08-07T19:14:49.0885042Z Length: 16358300 (16M) [application/octet-stream]
2025-08-07T19:14:49.0885773Z Saving to: ‘sing-box-1.12.0-linux-amd64.tar.gz’
2025-08-07T19:14:49.0918627Z 
2025-08-07T19:14:49.0931077Z      0K .......... .......... .......... .......... ..........  0% 10.8M 1s
2025-08-07T19:14:49.0940958Z     50K .......... .......... .......... .......... ..........  0% 51.6M 1s
2025-08-07T19:14:49.0942849Z    100K .......... .......... .......... .......... ..........  0%  210M 1s
2025-08-07T19:14:49.0945547Z    150K .......... .......... .......... .......... ..........  1%  220M 0s
2025-08-07T19:14:49.0951512Z    200K .......... .......... .......... .......... ..........  1% 76.4M 0s
2025-08-07T19:14:49.0954137Z    250K .......... .......... .......... .......... ..........  1%  245M 0s
2025-08-07T19:14:49.0956341Z    300K .......... .......... .......... .......... ..........  2%  165M 0s
2025-08-07T19:14:49.0958066Z    350K .......... .......... .......... .......... ..........  2%  287M 0s
2025-08-07T19:14:49.0959432Z    400K .......... .......... .......... .......... ..........  2%  272M 0s
2025-08-07T19:14:49.0963333Z    450K .......... .......... .......... .......... ..........  3%  135M 0s
2025-08-07T19:14:49.0966088Z    500K .......... .......... .......... .......... ..........  3%  243M 0s
2025-08-07T19:14:49.0967060Z    550K .......... .......... .......... .......... ..........  3%  248M 0s
2025-08-07T19:14:49.0969690Z    600K .......... .......... .......... .......... ..........  4%  304M 0s
2025-08-07T19:14:49.0972415Z    650K .......... .......... .......... .......... ..........  4%  142M 0s
2025-08-07T19:14:49.0973532Z    700K .......... .......... .......... .......... ..........  4%  343M 0s
2025-08-07T19:14:49.0977500Z    750K .......... .......... .......... .......... ..........  5%  142M 0s
2025-08-07T19:14:49.0980781Z    800K .......... .......... .......... .......... ..........  5%  146M 0s
2025-08-07T19:14:49.0982069Z    850K .......... .......... .......... .......... ..........  5%  280M 0s
2025-08-07T19:14:49.0985678Z    900K .......... .......... .......... .......... ..........  5%  145M 0s
2025-08-07T19:14:49.0986924Z    950K .......... .......... .......... .......... ..........  6%  335M 0s
2025-08-07T19:14:49.0990949Z   1000K .......... .......... .......... .......... ..........  6%  134M 0s
2025-08-07T19:14:49.0992086Z   1050K .......... .......... .......... .......... ..........  6%  309M 0s
2025-08-07T19:14:49.0995738Z   1100K .......... .......... .......... .......... ..........  7%  142M 0s
2025-08-07T19:14:49.0998909Z   1150K .......... .......... .......... .......... ..........  7%  302M 0s
2025-08-07T19:14:49.1000423Z   1200K .......... .......... .......... .......... ..........  7%  150M 0s
2025-08-07T19:14:49.1001956Z   1250K .......... .......... .......... .......... ..........  8%  307M 0s
2025-08-07T19:14:49.1005708Z   1300K .......... .......... .......... .......... ..........  8%  150M 0s
2025-08-07T19:14:49.1006893Z   1350K .......... .......... .......... .......... ..........  8%  295M 0s
2025-08-07T19:14:49.1010820Z   1400K .......... .......... .......... .......... ..........  9%  185M 0s
2025-08-07T19:14:49.1013279Z   1450K .......... .......... .......... .......... ..........  9%  168M 0s
2025-08-07T19:14:49.1015578Z   1500K .......... .......... .......... .......... ..........  9%  171M 0s
2025-08-07T19:14:49.1016794Z   1550K .......... .......... .......... .......... .......... 10%  341M 0s
2025-08-07T19:14:49.1018501Z   1600K .......... .......... .......... .......... .......... 10%  309M 0s
2025-08-07T19:14:49.1019924Z   1650K .......... .......... .......... .......... .......... 10%  310M 0s
2025-08-07T19:14:49.1021927Z   1700K .......... .......... .......... .......... .......... 10%  291M 0s
2025-08-07T19:14:49.1023087Z   1750K .......... .......... .......... .......... .......... 11%  337M 0s
2025-08-07T19:14:49.1026494Z   1800K .......... .......... .......... .......... .......... 11%  179M 0s
2025-08-07T19:14:49.1028045Z   1850K .......... .......... .......... .......... .......... 11%  257M 0s
2025-08-07T19:14:49.1035050Z   1900K .......... .......... .......... .......... .......... 12%  161M 0s
2025-08-07T19:14:49.1035949Z   1950K .......... .......... .......... .......... .......... 12%  487M 0s
2025-08-07T19:14:49.1036546Z   2000K .......... .......... .......... .......... .......... 12%  488M 0s
2025-08-07T19:14:49.1037121Z   2050K .......... .......... .......... .......... .......... 13%  481M 0s
2025-08-07T19:14:49.1037705Z   2100K .......... .......... .......... .......... .......... 13%  334M 0s
2025-08-07T19:14:49.1043162Z   2150K .......... .......... .......... .......... .......... 13%  310M 0s
2025-08-07T19:14:49.1044298Z   2200K .......... .......... .......... .......... .......... 14%  342M 0s
2025-08-07T19:14:49.1044931Z   2250K .......... .......... .......... .......... .......... 14%  338M 0s
2025-08-07T19:14:49.1045532Z   2300K .......... .......... .......... .......... .......... 14%  254M 0s
2025-08-07T19:14:49.1046659Z   2350K .......... .......... .......... .......... .......... 15%  211M 0s
2025-08-07T19:14:49.1047678Z   2400K .......... .......... .......... .......... .......... 15%  145M 0s
2025-08-07T19:14:49.1049089Z   2450K .......... .......... .......... .......... .......... 15%  256M 0s
2025-08-07T19:14:49.1052083Z   2500K .......... .......... .......... .......... .......... 15%  177M 0s
2025-08-07T19:14:49.1054892Z   2550K .......... .......... .......... .......... .......... 16%  209M 0s
2025-08-07T19:14:49.1057062Z   2600K .......... .......... .......... .......... .......... 16%  194M 0s
2025-08-07T19:14:49.1058308Z   2650K .......... .......... .......... .......... .......... 16%  314M 0s
2025-08-07T19:14:49.1060367Z   2700K .......... .......... .......... .......... .......... 17%  252M 0s
2025-08-07T19:14:49.1061679Z   2750K .......... .......... .......... .......... .......... 17%  321M 0s
2025-08-07T19:14:49.1063198Z   2800K .......... .......... .......... .......... .......... 17%  324M 0s
2025-08-07T19:14:49.1065037Z   2850K .......... .......... .......... .......... .......... 18%  289M 0s
2025-08-07T19:14:49.1072878Z   2900K .......... .......... .......... .......... .......... 18% 69.5M 0s
2025-08-07T19:14:49.1076285Z   2950K .......... .......... .......... .......... .......... 18%  132M 0s
2025-08-07T19:14:49.1077696Z   3000K .......... .......... .......... .......... .......... 19%  269M 0s
2025-08-07T19:14:49.1081445Z   3050K .......... .......... .......... .......... .......... 19%  138M 0s
2025-08-07T19:14:49.1084744Z   3100K .......... .......... .......... .......... .......... 19%  149M 0s
2025-08-07T19:14:49.1089298Z   3150K .......... .......... .......... .......... .......... 20%  107M 0s
2025-08-07T19:14:49.1092459Z   3200K .......... .......... .......... .......... .......... 20%  150M 0s
2025-08-07T19:14:49.1094399Z   3250K .......... .......... .......... .......... .......... 20%  275M 0s
2025-08-07T19:14:49.1095754Z   3300K .......... .......... .......... .......... .......... 20%  266M 0s
2025-08-07T19:14:49.1098782Z   3350K .......... .......... .......... .......... .......... 21%  234M 0s
2025-08-07T19:14:49.1100954Z   3400K .......... .......... .......... .......... .......... 21%  171M 0s
2025-08-07T19:14:49.1102916Z   3450K .......... .......... .......... .......... .......... 21%  312M 0s
2025-08-07T19:14:49.1106318Z   3500K .......... .......... .......... .......... .......... 22%  139M 0s
2025-08-07T19:14:49.1107915Z   3550K .......... .......... .......... .......... .......... 22%  236M 0s
2025-08-07T19:14:49.1111713Z   3600K .......... .......... .......... .......... .......... 22%  141M 0s
2025-08-07T19:14:49.1115227Z   3650K .......... .......... .......... .......... .......... 23%  167M 0s
2025-08-07T19:14:49.1117612Z   3700K .......... .......... .......... .......... .......... 23%  157M 0s
2025-08-07T19:14:49.1119731Z   3750K .......... .......... .......... .......... .......... 23%  228M 0s
2025-08-07T19:14:49.1122800Z   3800K .......... .......... .......... .......... .......... 24%  172M 0s
2025-08-07T19:14:49.1126404Z   3850K .......... .......... .......... .......... .......... 24%  132M 0s
2025-08-07T19:14:49.1129488Z   3900K .......... .......... .......... .......... .......... 24%  150M 0s
2025-08-07T19:14:49.1132569Z   3950K .......... .......... .......... .......... .......... 25%  161M 0s
2025-08-07T19:14:49.1134031Z   4000K .......... .......... .......... .......... .......... 25%  322M 0s
2025-08-07T19:14:49.1136488Z   4050K .......... .......... .......... .......... .......... 25%  199M 0s
2025-08-07T19:14:49.1139203Z   4100K .......... .......... .......... .......... .......... 25%  216M 0s
2025-08-07T19:14:49.1141458Z   4150K .......... .......... .......... .......... .......... 26%  200M 0s
2025-08-07T19:14:49.1144341Z   4200K .......... .......... .......... .......... .......... 26%  199M 0s
2025-08-07T19:14:49.1148043Z   4250K .......... .......... .......... .......... .......... 26%  137M 0s
2025-08-07T19:14:49.1150751Z   4300K .......... .......... .......... .......... .......... 27%  136M 0s
2025-08-07T19:14:49.1152027Z   4350K .......... .......... .......... .......... .......... 27%  318M 0s
2025-08-07T19:14:49.1153984Z   4400K .......... .......... .......... .......... .......... 27%  320M 0s
2025-08-07T19:14:49.1155619Z   4450K .......... .......... .......... .......... .......... 28%  250M 0s
2025-08-07T19:14:49.1157846Z   4500K .......... .......... .......... .......... .......... 28%  243M 0s
2025-08-07T19:14:49.1160093Z   4550K .......... .......... .......... .......... .......... 28%  218M 0s
2025-08-07T19:14:49.1161356Z   4600K .......... .......... .......... .......... .......... 29%  328M 0s
2025-08-07T19:14:49.1162889Z   4650K .......... .......... .......... .......... .......... 29%  342M 0s
2025-08-07T19:14:49.1166932Z   4700K .......... .......... .......... .......... .......... 29%  124M 0s
2025-08-07T19:14:49.1168951Z   4750K .......... .......... .......... .......... .......... 30%  232M 0s
2025-08-07T19:14:49.1170309Z   4800K .......... .......... .......... .......... .......... 30%  315M 0s
2025-08-07T19:14:49.1177057Z   4850K .......... .......... .......... .......... .......... 30% 80.8M 0s
2025-08-07T19:14:49.1179035Z   4900K .......... .......... .......... .......... .......... 30%  212M 0s
2025-08-07T19:14:49.1183368Z   4950K .......... .......... .......... .......... .......... 31%  159M 0s
2025-08-07T19:14:49.1184612Z   5000K .......... .......... .......... .......... .......... 31%  223M 0s
2025-08-07T19:14:49.1188126Z   5050K .......... .......... .......... .......... .......... 31%  127M 0s
2025-08-07T19:14:49.1190258Z   5100K .......... .......... .......... .......... .......... 32%  250M 0s
2025-08-07T19:14:49.1192442Z   5150K .......... .......... .......... .......... .......... 32%  204M 0s
2025-08-07T19:14:49.1196826Z   5200K .......... .......... .......... .......... .......... 32%  117M 0s
2025-08-07T19:14:49.1198704Z   5250K .......... .......... .......... .......... .......... 33%  221M 0s
2025-08-07T19:14:49.1199926Z   5300K .......... .......... .......... .......... .......... 33%  324M 0s
2025-08-07T19:14:49.1206474Z   5350K .......... .......... .......... .......... .......... 33% 87.7M 0s
2025-08-07T19:14:49.1207775Z   5400K .......... .......... .......... .......... .......... 34%  238M 0s
2025-08-07T19:14:49.1209919Z   5450K .......... .......... .......... .......... .......... 34%  254M 0s
2025-08-07T19:14:49.1217725Z   5500K .......... .......... .......... .......... .......... 34% 76.8M 0s
2025-08-07T19:14:49.1218375Z   5550K .......... .......... .......... .......... .......... 35%  302M 0s
2025-08-07T19:14:49.1224193Z   5600K .......... .......... .......... .......... .......... 35% 87.4M 0s
2025-08-07T19:14:49.1226193Z   5650K .......... .......... .......... .......... .......... 35%  181M 0s
2025-08-07T19:14:49.1228781Z   5700K .......... .......... .......... .......... .......... 35%  177M 0s
2025-08-07T19:14:49.1230081Z   5750K .......... .......... .......... .......... .......... 36%  328M 0s
2025-08-07T19:14:49.1233226Z   5800K .......... .......... .......... .......... .......... 36%  171M 0s
2025-08-07T19:14:49.1236002Z   5850K .......... .......... .......... .......... .......... 36%  163M 0s
2025-08-07T19:14:49.1237899Z   5900K .......... .......... .......... .......... .......... 37%  233M 0s
2025-08-07T19:14:49.1241326Z   5950K .......... .......... .......... .......... .......... 37%  171M 0s
2025-08-07T19:14:49.1244222Z   6000K .......... .......... .......... .......... .......... 37%  180M 0s
2025-08-07T19:14:49.1245656Z   6050K .......... .......... .......... .......... .......... 38%  225M 0s
2025-08-07T19:14:49.1247454Z   6100K .......... .......... .......... .......... .......... 38%  330M 0s
2025-08-07T19:14:49.1248635Z   6150K .......... .......... .......... .......... .......... 38%  332M 0s
2025-08-07T19:14:49.1250160Z   6200K .......... .......... .......... .......... .......... 39%  324M 0s
2025-08-07T19:14:49.1251707Z   6250K .......... .......... .......... .......... .......... 39%  318M 0s
2025-08-07T19:14:49.1253577Z   6300K .......... .......... .......... .......... .......... 39%  243M 0s
2025-08-07T19:14:49.1255415Z   6350K .......... .......... .......... .......... .......... 40%  281M 0s
2025-08-07T19:14:49.1256890Z   6400K .......... .......... .......... .......... .......... 40%  316M 0s
2025-08-07T19:14:49.1285183Z   6450K .......... .......... .......... .......... .......... 40% 18.2M 0s
2025-08-07T19:14:49.1289177Z   6500K .......... .......... .......... .......... .......... 41% 99.7M 0s
2025-08-07T19:14:49.1292390Z   6550K .......... .......... .......... .......... .......... 41%  145M 0s
2025-08-07T19:14:49.1295065Z   6600K .......... .......... .......... .......... .......... 41%  257M 0s
2025-08-07T19:14:49.1298351Z   6650K .......... .......... .......... .......... .......... 41%  136M 0s
2025-08-07T19:14:49.1300875Z   6700K .......... .......... .......... .......... .......... 42%  163M 0s
2025-08-07T19:14:49.1303159Z   6750K .......... .......... .......... .......... .......... 42%  211M 0s
2025-08-07T19:14:49.1305467Z   6800K .......... .......... .......... .......... .......... 42%  208M 0s
2025-08-07T19:14:49.1306833Z   6850K .......... .......... .......... .......... .......... 43%  320M 0s
2025-08-07T19:14:49.1308593Z   6900K .......... .......... .......... .......... .......... 43%  308M 0s
2025-08-07T19:14:49.1309923Z   6950K .......... .......... .......... .......... .......... 43%  323M 0s
2025-08-07T19:14:49.1313822Z   7000K .......... .......... .......... .......... .......... 44%  141M 0s
2025-08-07T19:14:49.1316808Z   7050K .......... .......... .......... .......... .......... 44%  165M 0s
2025-08-07T19:14:49.1318511Z   7100K .......... .......... .......... .......... .......... 44%  226M 0s
2025-08-07T19:14:49.1321850Z   7150K .......... .......... .......... .......... .......... 45%  323M 0s
2025-08-07T19:14:49.1322425Z   7200K .......... .......... .......... .......... .......... 45%  225M 0s
2025-08-07T19:14:49.1323853Z   7250K .......... .......... .......... .......... .......... 45%  335M 0s
2025-08-07T19:14:49.1325704Z   7300K .......... .......... .......... .......... .......... 46%  268M 0s
2025-08-07T19:14:49.1341116Z   7350K .......... .......... .......... .......... .......... 46% 34.2M 0s
2025-08-07T19:14:49.1345266Z   7400K .......... .......... .......... .......... .......... 46%  111M 0s
2025-08-07T19:14:49.1346030Z   7450K .......... .......... .......... .......... .......... 46%  255M 0s
2025-08-07T19:14:49.1348426Z   7500K .......... .......... .......... .......... .......... 47%  232M 0s
2025-08-07T19:14:49.1349985Z   7550K .......... .......... .......... .......... .......... 47%  264M 0s
2025-08-07T19:14:49.1351520Z   7600K .......... .......... .......... .......... .......... 47%  327M 0s
2025-08-07T19:14:49.1382482Z   7650K .......... .......... .......... .......... .......... 48% 16.4M 0s
2025-08-07T19:14:49.1384913Z   7700K .......... .......... .......... .......... .......... 48%  232M 0s
2025-08-07T19:14:49.1387761Z   7750K .......... .......... .......... .......... .......... 48%  137M 0s
2025-08-07T19:14:49.1390072Z   7800K .......... .......... .......... .......... .......... 49%  247M 0s
2025-08-07T19:14:49.1390949Z   7850K .......... .......... .......... .......... .......... 49%  273M 0s
2025-08-07T19:14:49.1393851Z   7900K .......... .......... .......... .......... .......... 49%  185M 0s
2025-08-07T19:14:49.1395758Z   7950K .......... .......... .......... .......... .......... 50%  237M 0s
2025-08-07T19:14:49.1398540Z   8000K .......... .......... .......... .......... .......... 50%  286M 0s
2025-08-07T19:14:49.1399581Z   8050K .......... .......... .......... .......... .......... 50%  347M 0s
2025-08-07T19:14:49.1408042Z   8100K .......... .......... .......... .......... .......... 51% 60.6M 0s
2025-08-07T19:14:49.1409600Z   8150K .......... .......... .......... .......... .......... 51%  211M 0s
2025-08-07T19:14:49.1410517Z   8200K .......... .......... .......... .......... .......... 51%  310M 0s
2025-08-07T19:14:49.1414491Z   8250K .......... .......... .......... .......... .......... 51%  143M 0s
2025-08-07T19:14:49.1416425Z   8300K .......... .......... .......... .......... .......... 52%  196M 0s
2025-08-07T19:14:49.1419939Z   8350K .......... .......... .......... .......... .......... 52%  160M 0s
2025-08-07T19:14:49.1422330Z   8400K .......... .......... .......... .......... .......... 52%  202M 0s
2025-08-07T19:14:49.1424033Z   8450K .......... .......... .......... .......... .......... 53%  246M 0s
2025-08-07T19:14:49.1430171Z   8500K .......... .......... .......... .......... .......... 53% 82.2M 0s
2025-08-07T19:14:49.1437349Z   8550K .......... .......... .......... .......... .......... 53% 75.4M 0s
2025-08-07T19:14:49.1439547Z   8600K .......... .......... .......... .......... .......... 54%  233M 0s
2025-08-07T19:14:49.1440197Z   8650K .......... .......... .......... .......... .......... 54%  307M 0s
2025-08-07T19:14:49.1449434Z   8700K .......... .......... .......... .......... .......... 54% 54.0M 0s
2025-08-07T19:14:49.1460894Z   8750K .......... .......... .......... .......... .......... 55% 42.8M 0s
2025-08-07T19:14:49.1471000Z   8800K .......... .......... .......... .......... .......... 55% 49.2M 0s
2025-08-07T19:14:49.1474056Z   8850K .......... .......... .......... .......... .......... 55%  145M 0s
2025-08-07T19:14:49.1476586Z   8900K .......... .......... .......... .......... .......... 56%  173M 0s
2025-08-07T19:14:49.1480188Z   8950K .......... .......... .......... .......... .......... 56%  145M 0s
2025-08-07T19:14:49.1482078Z   9000K .......... .......... .......... .......... .......... 56%  250M 0s
2025-08-07T19:14:49.1483929Z   9050K .......... .......... .......... .......... .......... 56%  280M 0s
2025-08-07T19:14:49.1485733Z   9100K .......... .......... .......... .......... .......... 57%  229M 0s
2025-08-07T19:14:49.1487488Z   9150K .......... .......... .......... .......... .......... 57%  320M 0s
2025-08-07T19:14:49.1488907Z   9200K .......... .......... .......... .......... .......... 57%  313M 0s
2025-08-07T19:14:49.1490557Z   9250K .......... .......... .......... .......... .......... 58%  311M 0s
2025-08-07T19:14:49.1492900Z   9300K .......... .......... .......... .......... .......... 58%  222M 0s
2025-08-07T19:14:49.1494793Z   9350K .......... .......... .......... .......... .......... 58%  263M 0s
2025-08-07T19:14:49.1496427Z   9400K .......... .......... .......... .......... .......... 59%  273M 0s
2025-08-07T19:14:49.1499508Z   9450K .......... .......... .......... .......... .......... 59%  183M 0s
2025-08-07T19:14:49.1505884Z   9500K .......... .......... .......... .......... .......... 59% 73.0M 0s
2025-08-07T19:14:49.1508043Z   9550K .......... .......... .......... .......... .......... 60%  225M 0s
2025-08-07T19:14:49.1510095Z   9600K .......... .......... .......... .......... .......... 60%  220M 0s
2025-08-07T19:14:49.1512955Z   9650K .......... .......... .......... .......... .......... 60%  173M 0s
2025-08-07T19:14:49.1518697Z   9700K .......... .......... .......... .......... .......... 61% 90.7M 0s
2025-08-07T19:14:49.1524371Z   9750K .......... .......... .......... .......... .......... 61% 84.5M 0s
2025-08-07T19:14:49.1527146Z   9800K .......... .......... .......... .......... .......... 61%  187M 0s
2025-08-07T19:14:49.1528398Z   9850K .......... .......... .......... .......... .......... 61%  285M 0s
2025-08-07T19:14:49.1532196Z   9900K .......... .......... .......... .......... .......... 62%  131M 0s
2025-08-07T19:14:49.1536634Z   9950K .......... .......... .......... .......... .......... 62%  110M 0s
2025-08-07T19:14:49.1539752Z  10000K .......... .......... .......... .......... .......... 62%  200M 0s
2025-08-07T19:14:49.1540993Z  10050K .......... .......... .......... .......... .......... 63%  236M 0s
2025-08-07T19:14:49.1545876Z  10100K .......... .......... .......... .......... .......... 63%  103M 0s
2025-08-07T19:14:49.1549977Z  10150K .......... .......... .......... .......... .......... 63%  125M 0s
2025-08-07T19:14:49.1597679Z  10200K .......... .......... .......... .......... .......... 64% 10.3M 0s
2025-08-07T19:14:49.1602517Z  10250K .......... .......... .......... .......... .......... 64% 92.4M 0s
2025-08-07T19:14:49.1622271Z  10300K .......... .......... .......... .......... .......... 64% 25.0M 0s
2025-08-07T19:14:49.1623995Z  10350K .......... .......... .......... .......... .......... 65%  281M 0s
2025-08-07T19:14:49.1626968Z  10400K .......... .......... .......... .......... .......... 65%  283M 0s
2025-08-07T19:14:49.1627510Z  10450K .......... .......... .......... .......... .......... 65%  325M 0s
2025-08-07T19:14:49.1628987Z  10500K .......... .......... .......... .......... .......... 66%  287M 0s
2025-08-07T19:14:49.1630941Z  10550K .......... .......... .......... .......... .......... 66%  294M 0s
2025-08-07T19:14:49.1632603Z  10600K .......... .......... .......... .......... .......... 66%  296M 0s
2025-08-07T19:14:49.1633788Z  10650K .......... .......... .......... .......... .......... 66%  314M 0s
2025-08-07T19:14:49.1636460Z  10700K .......... .......... .......... .......... .......... 67%  212M 0s
2025-08-07T19:14:49.1637413Z  10750K .......... .......... .......... .......... .......... 67%  296M 0s
2025-08-07T19:14:49.1638928Z  10800K .......... .......... .......... .......... .......... 67%  352M 0s
2025-08-07T19:14:49.1642172Z  10850K .......... .......... .......... .......... .......... 68%  330M 0s
2025-08-07T19:14:49.1642697Z  10900K .......... .......... .......... .......... .......... 68%  335M 0s
2025-08-07T19:14:49.1643248Z  10950K .......... .......... .......... .......... .......... 68%  330M 0s
2025-08-07T19:14:49.1645932Z  11000K .......... .......... .......... .......... .......... 69%  277M 0s
2025-08-07T19:14:49.1646700Z  11050K .......... .......... .......... .......... .......... 69%  306M 0s
2025-08-07T19:14:49.1648786Z  11100K .......... .......... .......... .......... .......... 69%  250M 0s
2025-08-07T19:14:49.1650288Z  11150K .......... .......... .......... .......... .......... 70%  300M 0s
2025-08-07T19:14:49.1652026Z  11200K .......... .......... .......... .......... .......... 70%  291M 0s
2025-08-07T19:14:49.1653596Z  11250K .......... .......... .......... .......... .......... 70%  307M 0s
2025-08-07T19:14:49.1655544Z  11300K .......... .......... .......... .......... .......... 71%  276M 0s
2025-08-07T19:14:49.1656984Z  11350K .......... .......... .......... .......... .......... 71%  300M 0s
2025-08-07T19:14:49.1658449Z  11400K .......... .......... .......... .......... .......... 71%  340M 0s
2025-08-07T19:14:49.1659955Z  11450K .......... .......... .......... .......... .......... 71%  334M 0s
2025-08-07T19:14:49.1663547Z  11500K .......... .......... .......... .......... .......... 72%  134M 0s
2025-08-07T19:14:49.1665273Z  11550K .......... .......... .......... .......... .......... 72%  280M 0s
2025-08-07T19:14:49.1672018Z  11600K .......... .......... .......... .......... .......... 72% 72.9M 0s
2025-08-07T19:14:49.1673962Z  11650K .......... .......... .......... .......... .......... 73%  305M 0s
2025-08-07T19:14:49.1675593Z  11700K .......... .......... .......... .......... .......... 73%  250M 0s
2025-08-07T19:14:49.1677250Z  11750K .......... .......... .......... .......... .......... 73%  293M 0s
2025-08-07T19:14:49.1678918Z  11800K .......... .......... .......... .......... .......... 74%  299M 0s
2025-08-07T19:14:49.1680856Z  11850K .......... .......... .......... .......... .......... 74%  276M 0s
2025-08-07T19:14:49.1682796Z  11900K .......... .......... .......... .......... .......... 74%  238M 0s
2025-08-07T19:14:49.1684765Z  11950K .......... .......... .......... .......... .......... 75%  293M 0s
2025-08-07T19:14:49.1686655Z  12000K .......... .......... .......... .......... .......... 75%  213M 0s
2025-08-07T19:14:49.1689270Z  12050K .......... .......... .......... .......... .......... 75%  201M 0s
2025-08-07T19:14:49.1691286Z  12100K .......... .......... .......... .......... .......... 76%  222M 0s
2025-08-07T19:14:49.1693911Z  12150K .......... .......... .......... .......... .......... 76%  192M 0s
2025-08-07T19:14:49.1699400Z  12200K .......... .......... .......... .......... .......... 76% 90.3M 0s
2025-08-07T19:14:49.1702042Z  12250K .......... .......... .......... .......... .......... 76%  189M 0s
2025-08-07T19:14:49.1703949Z  12300K .......... .......... .......... .......... .......... 77%  232M 0s
2025-08-07T19:14:49.1707562Z  12350K .......... .......... .......... .......... .......... 77%  152M 0s
2025-08-07T19:14:49.1708634Z  12400K .......... .......... .......... .......... .......... 77%  284M 0s
2025-08-07T19:14:49.1710182Z  12450K .......... .......... .......... .......... .......... 78%  356M 0s
2025-08-07T19:14:49.1714595Z  12500K .......... .......... .......... .......... .......... 78%  119M 0s
2025-08-07T19:14:49.1716904Z  12550K .......... .......... .......... .......... .......... 78%  199M 0s
2025-08-07T19:14:49.1719400Z  12600K .......... .......... .......... .......... .......... 79%  186M 0s
2025-08-07T19:14:49.1725996Z  12650K .......... .......... .......... .......... .......... 79% 74.8M 0s
2025-08-07T19:14:49.1728824Z  12700K .......... .......... .......... .......... .......... 79%  241M 0s
2025-08-07T19:14:49.1729808Z  12750K .......... .......... .......... .......... .......... 80%  241M 0s
2025-08-07T19:14:49.1731552Z  12800K .......... .......... .......... .......... .......... 80%  338M 0s
2025-08-07T19:14:49.1734234Z  12850K .......... .......... .......... .......... .......... 80%  298M 0s
2025-08-07T19:14:49.1734826Z  12900K .......... .......... .......... .......... .......... 81%  276M 0s
2025-08-07T19:14:49.1736277Z  12950K .......... .......... .......... .......... .......... 81%  338M 0s
2025-08-07T19:14:49.1737760Z  13000K .......... .......... .......... .......... .......... 81%  327M 0s
2025-08-07T19:14:49.1741957Z  13050K .......... .......... .......... .......... .......... 82%  116M 0s
2025-08-07T19:14:49.1746091Z  13100K .......... .......... .......... .......... .......... 82%  149M 0s
2025-08-07T19:14:49.1747203Z  13150K .......... .......... .......... .......... .......... 82%  302M 0s
2025-08-07T19:14:49.1748370Z  13200K .......... .......... .......... .......... .......... 82%  292M 0s
2025-08-07T19:14:49.1750497Z  13250K .......... .......... .......... .......... .......... 83%  328M 0s
2025-08-07T19:14:49.1752062Z  13300K .......... .......... .......... .......... .......... 83%  311M 0s
2025-08-07T19:14:49.1753172Z  13350K .......... .......... .......... .......... .......... 83%  298M 0s
2025-08-07T19:14:49.1755003Z  13400K .......... .......... .......... .......... .......... 84%  299M 0s
2025-08-07T19:14:49.1757458Z  13450K .......... .......... .......... .......... .......... 84%  261M 0s
2025-08-07T19:14:49.1760146Z  13500K .......... .......... .......... .......... .......... 84%  140M 0s
2025-08-07T19:14:49.1762248Z  13550K .......... .......... .......... .......... .......... 85%  306M 0s
2025-08-07T19:14:49.1763804Z  13600K .......... .......... .......... .......... .......... 85%  304M 0s
2025-08-07T19:14:49.1765881Z  13650K .......... .......... .......... .......... .......... 85%  193M 0s
2025-08-07T19:14:49.1767703Z  13700K .......... .......... .......... .......... .......... 86%  301M 0s
2025-08-07T19:14:49.1769269Z  13750K .......... .......... .......... .......... .......... 86%  279M 0s
2025-08-07T19:14:49.1771552Z  13800K .......... .......... .......... .......... .......... 86%  312M 0s
2025-08-07T19:14:49.1774605Z  13850K .......... .......... .......... .......... .......... 87%  167M 0s
2025-08-07T19:14:49.1777571Z  13900K .......... .......... .......... .......... .......... 87%  159M 0s
2025-08-07T19:14:49.1778597Z  13950K .......... .......... .......... .......... .......... 87%  300M 0s
2025-08-07T19:14:49.1785442Z  14000K .......... .......... .......... .......... .......... 87% 75.2M 0s
2025-08-07T19:14:49.1786697Z  14050K .......... .......... .......... .......... .......... 88%  288M 0s
2025-08-07T19:14:49.1788374Z  14100K .......... .......... .......... .......... .......... 88%  283M 0s
2025-08-07T19:14:49.1790132Z  14150K .......... .......... .......... .......... .......... 88%  287M 0s
2025-08-07T19:14:49.1792056Z  14200K .......... .......... .......... .......... .......... 89%  279M 0s
2025-08-07T19:14:49.1795879Z  14250K .......... .......... .......... .......... .......... 89%  317M 0s
2025-08-07T19:14:49.1796499Z  14300K .......... .......... .......... .......... .......... 89%  206M 0s
2025-08-07T19:14:49.1797376Z  14350K .......... .......... .......... .......... .......... 90%  281M 0s
2025-08-07T19:14:49.1799238Z  14400K .......... .......... .......... .......... .......... 90%  328M 0s
2025-08-07T19:14:49.1800711Z  14450K .......... .......... .......... .......... .......... 90%  297M 0s
2025-08-07T19:14:49.1802658Z  14500K .......... .......... .......... .......... .......... 91%  284M 0s
2025-08-07T19:14:49.1804833Z  14550K .......... .......... .......... .......... .......... 91%  289M 0s
2025-08-07T19:14:49.1806221Z  14600K .......... .......... .......... .......... .......... 91%  237M 0s
2025-08-07T19:14:49.1807799Z  14650K .......... .......... .......... .......... .......... 92%  297M 0s
2025-08-07T19:14:49.1811747Z  14700K .......... .......... .......... .......... .......... 92%  143M 0s
2025-08-07T19:14:49.1815028Z  14750K .......... .......... .......... .......... .......... 92%  183M 0s
2025-08-07T19:14:49.1816858Z  14800K .......... .......... .......... .......... .......... 92%  178M 0s
2025-08-07T19:14:49.1818579Z  14850K .......... .......... .......... .......... .......... 93%  319M 0s
2025-08-07T19:14:49.1820148Z  14900K .......... .......... .......... .......... .......... 93%  233M 0s
2025-08-07T19:14:49.1821603Z  14950K .......... .......... .......... .......... .......... 93%  330M 0s
2025-08-07T19:14:49.1826241Z  15000K .......... .......... .......... .......... .......... 94%  125M 0s
2025-08-07T19:14:49.1829704Z  15050K .......... .......... .......... .......... .......... 94%  122M 0s
2025-08-07T19:14:49.1831560Z  15100K .......... .......... .......... .......... .......... 94%  239M 0s
2025-08-07T19:14:49.1832865Z  15150K .......... .......... .......... .......... .......... 95%  354M 0s
2025-08-07T19:14:49.1834896Z  15200K .......... .......... .......... .......... .......... 95%  311M 0s
2025-08-07T19:14:49.1837769Z  15250K .......... .......... .......... .......... .......... 95%  270M 0s
2025-08-07T19:14:49.1838327Z  15300K .......... .......... .......... .......... .......... 96%  370M 0s
2025-08-07T19:14:49.1839401Z  15350K .......... .......... .......... .......... .......... 96%  302M 0s
2025-08-07T19:14:49.1841016Z  15400K .......... .......... .......... .......... .......... 96%  284M 0s
2025-08-07T19:14:49.1843183Z  15450K .......... .......... .......... .......... .......... 97%  301M 0s
2025-08-07T19:14:49.1844886Z  15500K .......... .......... .......... .......... .......... 97%  229M 0s
2025-08-07T19:14:49.1846300Z  15550K .......... .......... .......... .......... .......... 97%  324M 0s
2025-08-07T19:14:49.1847974Z  15600K .......... .......... .......... .......... .......... 97%  343M 0s
2025-08-07T19:14:49.1849959Z  15650K .......... .......... .......... .......... .......... 98%  262M 0s
2025-08-07T19:14:49.1851105Z  15700K .......... .......... .......... .......... .......... 98%  315M 0s
2025-08-07T19:14:49.1853402Z  15750K .......... .......... .......... .......... .......... 98%  215M 0s
2025-08-07T19:14:49.1855360Z  15800K .......... .......... .......... .......... .......... 99%  267M 0s
2025-08-07T19:14:49.1857008Z  15850K .......... .......... .......... .......... .......... 99%  331M 0s
2025-08-07T19:14:49.1858736Z  15900K .......... .......... .......... .......... .......... 99%  233M 0s
2025-08-07T19:14:49.1859486Z  15950K .......... .......... ....                            100%  427M=0.1s
2025-08-07T19:14:49.1859834Z 
2025-08-07T19:14:49.1860968Z 2025-08-07 19:14:49 (160 MB/s) - ‘sing-box-1.12.0-linux-amd64.tar.gz’ saved [16358300/16358300]
2025-08-07T19:14:49.1861388Z 
2025-08-07T19:14:49.5416229Z sing-box version 1.12.0
2025-08-07T19:14:49.5416517Z 
2025-08-07T19:14:49.5416662Z Environment: go1.24.5 linux/amd64
2025-08-07T19:14:49.5417391Z Tags: with_gvisor,with_quic,with_dhcp,with_wireguard,with_utls,with_acme,with_clash_api,with_tailscale
2025-08-07T19:14:49.5418186Z Revision: 2dcb86941f5db01bbe296acae555a3b1f38c0441
2025-08-07T19:14:49.5418632Z CGO: disabled
2025-08-07T19:14:49.5454687Z ##[group]Run chmod +x update_china_ip.sh
2025-08-07T19:14:49.5455009Z [36;1mchmod +x update_china_ip.sh[0m
2025-08-07T19:14:49.5455265Z [36;1mif ! ./update_china_ip.sh; then[0m
2025-08-07T19:14:49.5455522Z [36;1m  echo "错误：中国IP更新脚本执行失败"[0m
2025-08-07T19:14:49.5455749Z [36;1m  exit 1[0m
2025-08-07T19:14:49.5455937Z [36;1mfi[0m
2025-08-07T19:14:49.5482735Z shell: /usr/bin/bash -e {0}
2025-08-07T19:14:49.5482966Z ##[endgroup]
2025-08-07T19:14:49.5570950Z 2025-08-07 19:14:49 开始初始化环境...
2025-08-07T19:14:49.5585830Z 2025-08-07 19:14:49 环境初始化完成
2025-08-07T19:14:49.5598611Z 2025-08-07 19:14:49 开始下载IP地址列表...
2025-08-07T19:14:49.5613305Z 2025-08-07 19:14:49 下载 https://ispip.clang.cn/all_cn.txt
2025-08-07T19:14:51.5306476Z 2025-08-07 19:14:51 下载 https://ispip.clang.cn/hk.txt
2025-08-07T19:14:52.9245415Z 2025-08-07 19:14:52 下载 https://ispip.clang.cn/mo.txt
2025-08-07T19:14:53.7217290Z 2025-08-07 19:14:53 下载 https://ispip.clang.cn/chinatelecom.txt
2025-08-07T19:14:54.3646843Z 2025-08-07 19:14:54 下载 https://ispip.clang.cn/unicom_cnc.txt
2025-08-07T19:14:55.4228423Z 2025-08-07 19:14:55 下载 https://ispip.clang.cn/cmcc.txt
2025-08-07T19:14:55.9109758Z 2025-08-07 19:14:55 下载 https://ispip.clang.cn/all_cn_ipv6.txt
2025-08-07T19:14:56.9069317Z 2025-08-07 19:14:56 下载 https://ispip.clang.cn/hk_ipv6.txt
2025-08-07T19:14:57.8501306Z 2025-08-07 19:14:57 下载 https://ispip.clang.cn/mo_ipv6.txt
2025-08-07T19:14:58.3381540Z 2025-08-07 19:14:58 下载 https://ispip.clang.cn/chinatelecom_ipv6.txt
2025-08-07T19:14:59.0121565Z 2025-08-07 19:14:59 下载 https://ispip.clang.cn/unicom_cnc_ipv6.txt
2025-08-07T19:14:59.8034034Z 2025-08-07 19:14:59 下载 https://ispip.clang.cn/cmcc_ipv6.txt
2025-08-07T19:15:00.2955732Z 2025-08-07 19:15:00 下载 https://raw.githubusercontent.com/SagerNet/sing-geoip/refs/heads/rule-set/geoip-cn.srs
2025-08-07T19:15:00.5268376Z 2025-08-07 19:15:00 下载 https://raw.githubusercontent.com/SagerNet/sing-geoip/refs/heads/rule-set/geoip-hk.srs
2025-08-07T19:15:00.6892762Z 2025-08-07 19:15:00 下载 https://raw.githubusercontent.com/SagerNet/sing-geoip/refs/heads/rule-set/geoip-mo.srs
2025-08-07T19:15:00.8554290Z 2025-08-07 19:15:00 IP地址列表下载完成
2025-08-07T19:15:00.8566567Z 2025-08-07 19:15:00 开始转换为Mikrotik格式...
2025-08-07T19:15:00.8579227Z 2025-08-07 19:15:00 开始生成IPv4地址列表...
2025-08-07T19:15:01.1704781Z 2025-08-07 19:15:01 中国IPv4地址列表(含港澳)生成完成: ./clang/ip/{cn,hk,mo,chinatelecom,unicom_cnc,cmcc}.txt -> ./clang/ros/china_ipv4.rsc, 共 14329 条规则
2025-08-07T19:15:01.1716934Z 2025-08-07 19:15:01 开始生成NOCN IPv4地址列表...
2025-08-07T19:15:01.4013605Z 2025-08-07 19:15:01 NOCN IPv4地址列表生成完成: ./clang/ip/{cn,hk,mo}.txt -> ./clang/ros/nocn_ipv4.rsc, 共 11435 条规则
2025-08-07T19:15:01.4025406Z 2025-08-07 19:15:01 开始生成IPv6地址列表...
2025-08-07T19:15:01.4627459Z 2025-08-07 19:15:01 中国IPv6地址列表(含港澳)生成完成: ./clang/ip/{cn,hk,mo,chinatelecom,unicom_cnc,cmcc}_ipv6.txt -> ./clang/ros/china_ipv6.rsc, 共 2860 条规则
2025-08-07T19:15:01.4639827Z 2025-08-07 19:15:01 开始生成NOCN IPv6地址列表...
2025-08-07T19:15:01.5195103Z 2025-08-07 19:15:01 NOCN IPv6地址列表生成完成: ./clang/ip/{cn,hk,mo}_ipv6.txt -> ./clang/ros/nocn_ipv6.rsc, 共 2795 条规则
2025-08-07T19:15:01.5207882Z 2025-08-07 19:15:01 开始合并IP文件...
2025-08-07T19:15:01.5221073Z 2025-08-07 19:15:01 合并中国大陆IPv4和IPv6地址...
2025-08-07T19:15:01.5289623Z 2025-08-07 19:15:01 中国大陆IP合并完成: ./clang/ip/cn.txt + ./clang/ip/cn_ipv6.txt -> ./rules/mosdns/cn_all.txt, 共 10725 条记录
2025-08-07T19:15:01.5302089Z 2025-08-07 19:15:01 合并香港IPv4和IPv6地址...
2025-08-07T19:15:01.5343063Z 2025-08-07 19:15:01 香港IP合并完成: ./clang/ip/hk.txt + ./clang/ip/hk_ipv6.txt -> ./rules/mosdns/hk_all.txt, 共 3443 条记录
2025-08-07T19:15:01.5355753Z 2025-08-07 19:15:01 合并澳门IPv4和IPv6地址...
2025-08-07T19:15:01.5395288Z 2025-08-07 19:15:01 澳门IP合并完成: ./clang/ip/mo.txt + ./clang/ip/mo_ipv6.txt -> ./rules/mosdns/mo_all.txt, 共 48 条记录
2025-08-07T19:15:01.5407572Z 2025-08-07 19:15:01 IP文件合并完成
2025-08-07T19:15:01.5420557Z 2025-08-07 19:15:01 开始转换为sing-box格式...
2025-08-07T19:15:01.5433365Z 2025-08-07 19:15:01 开始转换中国大陆IP为sing-box格式...
2025-08-07T19:15:01.5724619Z 2025-08-07 19:15:01 中国大陆IP JSON转换完成: ./rules/mosdns/cn_all.txt -> 临时文件, 包含 10725 条记录
2025-08-07T19:15:01.5736099Z 2025-08-07 19:15:01 编译中国大陆IP规则集...
2025-08-07T19:15:01.6534071Z 2025-08-07 19:15:01 中国大陆IP规则集编译完成: 临时文件 -> ./rules/sing-box/cn_all.srs
2025-08-07T19:15:01.6556874Z 2025-08-07 19:15:01 开始转换香港IP为sing-box格式...
2025-08-07T19:15:01.6706531Z 2025-08-07 19:15:01 香港IP JSON转换完成: ./rules/mosdns/hk_all.txt -> 临时文件, 包含 3443 条记录
2025-08-07T19:15:01.6718365Z 2025-08-07 19:15:01 编译香港IP规则集...
2025-08-07T19:15:01.7083570Z 2025-08-07 19:15:01 香港IP规则集编译完成: 临时文件 -> ./rules/sing-box/hk_all.srs
2025-08-07T19:15:01.7107665Z 2025-08-07 19:15:01 开始转换澳门IP为sing-box格式...
2025-08-07T19:15:01.7194685Z 2025-08-07 19:15:01 澳门IP JSON转换完成: ./rules/mosdns/mo_all.txt -> 临时文件, 包含 48 条记录
2025-08-07T19:15:01.7206842Z 2025-08-07 19:15:01 编译澳门IP规则集...
2025-08-07T19:15:01.7324955Z 2025-08-07 19:15:01 澳门IP规则集编译完成: 临时文件 -> ./rules/sing-box/mo_all.srs
2025-08-07T19:15:01.7348262Z 2025-08-07 19:15:01 sing-box格式转换完成
2025-08-07T19:15:01.7361370Z 2025-08-07 19:15:01 所有操作已完成
2025-08-07T19:15:01.7390544Z ##[group]Run chmod +x update_mosdns_rules.sh
2025-08-07T19:15:01.7390876Z [36;1mchmod +x update_mosdns_rules.sh[0m
2025-08-07T19:15:01.7391142Z [36;1mif ! ./update_mosdns_rules.sh; then[0m
2025-08-07T19:15:01.7391403Z [36;1m  echo "错误：MosDNS规则更新脚本执行失败"[0m
2025-08-07T19:15:01.7391830Z [36;1m  exit 1[0m
2025-08-07T19:15:01.7391992Z [36;1mfi[0m
2025-08-07T19:15:01.7420619Z shell: /usr/bin/bash -e {0}
2025-08-07T19:15:01.7420852Z ##[endgroup]
2025-08-07T19:15:01.7510672Z [2025-08-07 19:15:01] [INFO] === 开始执行规则更新脚本 ===
2025-08-07T19:15:01.7523535Z [2025-08-07 19:15:01] [INFO] 检查命令 sing-box: 已安装
2025-08-07T19:15:01.7536934Z [2025-08-07 19:15:01] [INFO] 检查命令 jq: 已安装
2025-08-07T19:15:01.7551308Z [2025-08-07 19:15:01] [INFO] 检查命令 curl: 已安装
2025-08-07T19:15:02.3027306Z [2025-08-07 19:15:02] [INFO] 下载sing-geosite规则：geosite-acer@cn.srs (https://raw.githubusercontent.com/SagerNet/sing-geosite/rule-set/geosite-acer@cn.srs)
2025-08-07T19:15:02.4987504Z [2025-08-07 19:15:02] [INFO] 规则转换完成：geosite-acer@cn.txt (共 1 条规则)
2025-08-07T19:15:02.5034719Z [2025-08-07 19:15:02] [INFO] 下载sing-geosite规则：geosite-adidas@cn.srs (https://raw.githubusercontent.com/SagerNet/sing-geosite/rule-set/geosite-adidas@cn.srs)
2025-08-07T19:15:02.7387010Z [2025-08-07 19:15:02] [INFO] 规则转换完成：geosite-adidas@cn.txt (共 1 条规则)
2025-08-07T19:15:02.7431600Z [2025-08-07 19:15:02] [INFO] 下载sing-geosite规则：geosite-adobe@cn.srs (https://raw.githubusercontent.com/SagerNet/sing-geosite/rule-set/geosite-adobe@cn.srs)
2025-08-07T19:15:02.9333542Z [2025-08-07 19:15:02] [INFO] 规则转换完成：geosite-adobe@cn.txt (共 1 条规则)
2025-08-07T19:15:02.9379312Z [2025-08-07 19:15:02] [INFO] 下载sing-geosite规则：geosite-aerogard@cn.srs (https://raw.githubusercontent.com/SagerNet/sing-geosite/rule-set/geosite-aerogard@cn.srs)
2025-08-07T19:15:03.1683081Z [2025-08-07 19:15:03] [INFO] 规则转换完成：geosite-aerogard@cn.txt (共 1 条规则)
2025-08-07T19:15:03.1727675Z [2025-08-07 19:15:03] [INFO] 下载sing-geosite规则：geosite-airwick@cn.srs (https://raw.githubusercontent.com/SagerNet/sing-geosite/rule-set/geosite-airwick@cn.srs)
2025-08-07T19:15:03.3856284Z [2025-08-07 19:15:03] [INFO] 规则转换完成：geosite-airwick@cn.txt (共 1 条规则)
2025-08-07T19:15:03.3900970Z [2025-08-07 19:15:03] [INFO] 下载sing-geosite规则：geosite-akamai@cn.srs (https://raw.githubusercontent.com/SagerNet/sing-geosite/rule-set/geosite-akamai@cn.srs)
2025-08-07T19:15:03.5938122Z [2025-08-07 19:15:03] [INFO] 规则转换完成：geosite-akamai@cn.txt (共 10 条规则)
2025-08-07T19:15:03.5981670Z [2025-08-07 19:15:03] [INFO] 下载sing-geosite规则：geosite-alibaba@!cn.srs (https://raw.githubusercontent.com/SagerNet/sing-geosite/rule-set/geosite-alibaba@!cn.srs)
2025-08-07T19:15:03.8010961Z [2025-08-07 19:15:03] [INFO] 规则转换完成：geosite-alibaba@!cn.txt (共 27 条规则)
2025-08-07T19:15:03.8056747Z [2025-08-07 19:15:03] [INFO] 下载sing-geosite规则：geosite-alibabacloud@!cn.srs (https://raw.githubusercontent.com/SagerNet/sing-geosite/rule-set/geosite-alibabacloud@!cn.srs)
2025-08-07T19:15:04.0252592Z [2025-08-07 19:15:04] [INFO] 规则转换完成：geosite-alibabacloud@!cn.txt (共 6 条规则)
2025-08-07T19:15:04.0296902Z [2025-08-07 19:15:04] [INFO] 下载sing-geosite规则：geosite-aliyun@!cn.srs (https://raw.githubusercontent.com/SagerNet/sing-geosite/rule-set/geosite-aliyun@!cn.srs)
2025-08-07T19:15:04.2437906Z [2025-08-07 19:15:04] [INFO] 规则转换完成：geosite-aliyun@!cn.txt (共 15 条规则)
2025-08-07T19:15:04.2482705Z [2025-08-07 19:15:04] [INFO] 下载sing-geosite规则：geosite-amazon@cn.srs (https://raw.githubusercontent.com/SagerNet/sing-geosite/rule-set/geosite-amazon@cn.srs)
2025-08-07T19:15:04.4473301Z [2025-08-07 19:15:04] [INFO] 规则转换完成：geosite-amazon@cn.txt (共 56 条规则)
2025-08-07T19:15:04.4517262Z [2025-08-07 19:15:04] [INFO] 下载sing-geosite规则：geosite-amd@cn.srs (https://raw.githubusercontent.com/SagerNet/sing-geosite/rule-set/geosite-amd@cn.srs)
2025-08-07T19:15:04.6548042Z [2025-08-07 19:15:04] [INFO] 规则转换完成：geosite-amd@cn.txt (共 1 条规则)
2025-08-07T19:15:04.6592183Z [2025-08-07 19:15:04] [INFO] 下载sing-geosite规则：geosite-amp@cn.srs (https://raw.githubusercontent.com/SagerNet/sing-geosite/rule-set/geosite-amp@cn.srs)
2025-08-07T19:15:04.8620027Z [2025-08-07 19:15:04] [INFO] 规则转换完成：geosite-amp@cn.txt (共 1 条规则)
2025-08-07T19:15:04.8663886Z [2025-08-07 19:15:04] [INFO] 下载sing-geosite规则：geosite-apple@cn.srs (https://raw.githubusercontent.com/SagerNet/sing-geosite/rule-set/geosite-apple@cn.srs)
2025-08-07T19:15:05.0408091Z [2025-08-07 19:15:05] [INFO] 规则转换完成：geosite-apple@cn.txt (共 284 条规则)
2025-08-07T19:15:05.0451723Z [2025-08-07 19:15:05] [INFO] 下载sing-geosite规则：geosite-asus@cn.srs (https://raw.githubusercontent.com/SagerNet/sing-geosite/rule-set/geosite-asus@cn.srs)
2025-08-07T19:15:05.2574582Z [2025-08-07 19:15:05] [INFO] 规则转换完成：geosite-asus@cn.txt (共 1 条规则)
2025-08-07T19:15:05.2617784Z [2025-08-07 19:15:05] [INFO] 下载sing-geosite规则：geosite-att@cn.srs (https://raw.githubusercontent.com/SagerNet/sing-geosite/rule-set/geosite-att@cn.srs)
2025-08-07T19:15:05.4625044Z [2025-08-07 19:15:05] [INFO] 规则转换完成：geosite-att@cn.txt (共 2 条规则)
2025-08-07T19:15:05.4670478Z [2025-08-07 19:15:05] [INFO] 下载sing-geosite规则：geosite-aws@cn.srs (https://raw.githubusercontent.com/SagerNet/sing-geosite/rule-set/geosite-aws@cn.srs)
2025-08-07T19:15:05.6530989Z [2025-08-07 19:15:05] [INFO] 规则转换完成：geosite-aws@cn.txt (共 27 条规则)
2025-08-07T19:15:05.6575104Z [2025-08-07 19:15:05] [INFO] 下载sing-geosite规则：geosite-azure@cn.srs (https://raw.githubusercontent.com/SagerNet/sing-geosite/rule-set/geosite-azure@cn.srs)
2025-08-07T19:15:05.8665531Z [2025-08-07 19:15:05] [INFO] 规则转换完成：geosite-azure@cn.txt (共 85 条规则)
2025-08-07T19:15:05.8709662Z [2025-08-07 19:15:05] [INFO] 下载sing-geosite规则：geosite-beats@cn.srs (https://raw.githubusercontent.com/SagerNet/sing-geosite/rule-set/geosite-beats@cn.srs)
2025-08-07T19:15:06.0705030Z [2025-08-07 19:15:06] [INFO] 规则转换完成：geosite-beats@cn.txt (共 7 条规则)
2025-08-07T19:15:06.0749296Z [2025-08-07 19:15:06] [INFO] 下载sing-geosite规则：geosite-bestbuy@cn.srs (https://raw.githubusercontent.com/SagerNet/sing-geosite/rule-set/geosite-bestbuy@cn.srs)
2025-08-07T19:15:06.2764273Z [2025-08-07 19:15:06] [INFO] 规则转换完成：geosite-bestbuy@cn.txt (共 3 条规则)
2025-08-07T19:15:06.2808851Z [2025-08-07 19:15:06] [INFO] 下载sing-geosite规则：geosite-bilibili@!cn.srs (https://raw.githubusercontent.com/SagerNet/sing-geosite/rule-set/geosite-bilibili@!cn.srs)
2025-08-07T19:15:06.4788719Z [2025-08-07 19:15:06] [INFO] 规则转换完成：geosite-bilibili@!cn.txt (共 4 条规则)
2025-08-07T19:15:06.4834377Z [2025-08-07 19:15:06] [INFO] 下载sing-geosite规则：geosite-bilibili@cn.srs (https://raw.githubusercontent.com/SagerNet/sing-geosite/rule-set/geosite-bilibili@cn.srs)
2025-08-07T19:15:06.6501377Z [2025-08-07 19:15:06] [INFO] 规则转换完成：geosite-bilibili@cn.txt (共 6 条规则)
2025-08-07T19:15:06.6545151Z [2025-08-07 19:15:06] [INFO] 下载sing-geosite规则：geosite-bing@cn.srs (https://raw.githubusercontent.com/SagerNet/sing-geosite/rule-set/geosite-bing@cn.srs)
2025-08-07T19:15:06.8177047Z [2025-08-07 19:15:06] [INFO] 规则转换完成：geosite-bing@cn.txt (共 9 条规则)
2025-08-07T19:15:06.8222563Z [2025-08-07 19:15:06] [INFO] 下载sing-geosite规则：geosite-bluearchive@cn.srs (https://raw.githubusercontent.com/SagerNet/sing-geosite/rule-set/geosite-bluearchive@cn.srs)
2025-08-07T19:15:07.0155627Z [2025-08-07 19:15:07] [INFO] 规则转换完成：geosite-bluearchive@cn.txt (共 1 条规则)
2025-08-07T19:15:07.0199869Z [2025-08-07 19:15:07] [INFO] 下载sing-geosite规则：geosite-bluepoch@cn.srs (https://raw.githubusercontent.com/SagerNet/sing-geosite/rule-set/geosite-bluepoch@cn.srs)
2025-08-07T19:15:07.2098436Z [2025-08-07 19:15:07] [INFO] 规则转换完成：geosite-bluepoch@cn.txt (共 2 条规则)
2025-08-07T19:15:07.2141773Z [2025-08-07 19:15:07] [INFO] 下载sing-geosite规则：geosite-bmw@cn.srs (https://raw.githubusercontent.com/SagerNet/sing-geosite/rule-set/geosite-bmw@cn.srs)
2025-08-07T19:15:07.4260889Z [2025-08-07 19:15:07] [INFO] 规则转换完成：geosite-bmw@cn.txt (共 3 条规则)
2025-08-07T19:15:07.4305187Z [2025-08-07 19:15:07] [INFO] 下载sing-geosite规则：geosite-boc@!cn.srs (https://raw.githubusercontent.com/SagerNet/sing-geosite/rule-set/geosite-boc@!cn.srs)
2025-08-07T19:15:07.6416224Z [2025-08-07 19:15:07] [INFO] 规则转换完成：geosite-boc@!cn.txt (共 1 条规则)
2025-08-07T19:15:07.6461172Z [2025-08-07 19:15:07] [INFO] 下载sing-geosite规则：geosite-booking@cn.srs (https://raw.githubusercontent.com/SagerNet/sing-geosite/rule-set/geosite-booking@cn.srs)
2025-08-07T19:15:07.8584545Z [2025-08-07 19:15:07] [INFO] 规则转换完成：geosite-booking@cn.txt (共 1 条规则)
2025-08-07T19:15:07.8630188Z [2025-08-07 19:15:07] [INFO] 下载sing-geosite规则：geosite-bridgestone@cn.srs (https://raw.githubusercontent.com/SagerNet/sing-geosite/rule-set/geosite-bridgestone@cn.srs)
2025-08-07T19:15:08.0690805Z [2025-08-07 19:15:08] [INFO] 规则转换完成：geosite-bridgestone@cn.txt (共 3 条规则)
2025-08-07T19:15:08.0734962Z [2025-08-07 19:15:08] [INFO] 下载sing-geosite规则：geosite-broadcom@cn.srs (https://raw.githubusercontent.com/SagerNet/sing-geosite/rule-set/geosite-broadcom@cn.srs)
2025-08-07T19:15:08.2899360Z [2025-08-07 19:15:08] [INFO] 规则转换完成：geosite-broadcom@cn.txt (共 1 条规则)
2025-08-07T19:15:08.2943417Z [2025-08-07 19:15:08] [INFO] 下载sing-geosite规则：geosite-bytedance@!cn.srs (https://raw.githubusercontent.com/SagerNet/sing-geosite/rule-set/geosite-bytedance@!cn.srs)
2025-08-07T19:15:08.4530529Z [2025-08-07 19:15:08] [INFO] 规则转换完成：geosite-bytedance@!cn.txt (共 24 条规则)
2025-08-07T19:15:08.4577143Z [2025-08-07 19:15:08] [INFO] 下载sing-geosite规则：geosite-bytedance@cn.srs (https://raw.githubusercontent.com/SagerNet/sing-geosite/rule-set/geosite-bytedance@cn.srs)
2025-08-07T19:15:08.6456503Z [2025-08-07 19:15:08] [INFO] 规则转换完成：geosite-bytedance@cn.txt (共 2 条规则)
2025-08-07T19:15:08.6501310Z [2025-08-07 19:15:08] [INFO] 下载sing-geosite规则：geosite-calgoncarbon@cn.srs (https://raw.githubusercontent.com/SagerNet/sing-geosite/rule-set/geosite-calgoncarbon@cn.srs)
2025-08-07T19:15:08.8465921Z [2025-08-07 19:15:08] [INFO] 规则转换完成：geosite-calgoncarbon@cn.txt (共 1 条规则)
2025-08-07T19:15:08.8511148Z [2025-08-07 19:15:08] [INFO] 下载sing-geosite规则：geosite-canon@cn.srs (https://raw.githubusercontent.com/SagerNet/sing-geosite/rule-set/geosite-canon@cn.srs)
2025-08-07T19:15:09.0392678Z [2025-08-07 19:15:09] [INFO] 规则转换完成：geosite-canon@cn.txt (共 2 条规则)
2025-08-07T19:15:09.0436989Z [2025-08-07 19:15:09] [INFO] 下载sing-geosite规则：geosite-category-ai-!cn.srs (https://raw.githubusercontent.com/SagerNet/sing-geosite/rule-set/geosite-category-ai-!cn.srs)
2025-08-07T19:15:09.2777995Z [2025-08-07 19:15:09] [INFO] 规则转换完成：geosite-category-ai-!cn.txt (共 66 条规则)
2025-08-07T19:15:09.2821641Z [2025-08-07 19:15:09] [INFO] 下载sing-geosite规则：geosite-category-ai-chat-!cn.srs (https://raw.githubusercontent.com/SagerNet/sing-geosite/rule-set/geosite-category-ai-chat-!cn.srs)
2025-08-07T19:15:09.4863300Z [2025-08-07 19:15:09] [INFO] 规则转换完成：geosite-category-ai-chat-!cn.txt (共 66 条规则)
2025-08-07T19:15:09.4907399Z [2025-08-07 19:15:09] [INFO] 下载sing-geosite规则：geosite-category-browser-!cn.srs (https://raw.githubusercontent.com/SagerNet/sing-geosite/rule-set/geosite-category-browser-!cn.srs)
2025-08-07T19:15:09.6681923Z [2025-08-07 19:15:09] [INFO] 规则转换完成：geosite-category-browser-!cn.txt (共 28 条规则)
2025-08-07T19:15:09.6727053Z [2025-08-07 19:15:09] [INFO] 下载sing-geosite规则：geosite-category-cas@cn.srs (https://raw.githubusercontent.com/SagerNet/sing-geosite/rule-set/geosite-category-cas@cn.srs)
2025-08-07T19:15:09.9421154Z [2025-08-07 19:15:09] [INFO] 规则转换完成：geosite-category-cas@cn.txt (共 35 条规则)
2025-08-07T19:15:09.9466462Z [2025-08-07 19:15:09] [INFO] 下载sing-geosite规则：geosite-category-companies@!cn.srs (https://raw.githubusercontent.com/SagerNet/sing-geosite/rule-set/geosite-category-companies@!cn.srs)
2025-08-07T19:15:10.1592360Z [2025-08-07 19:15:10] [INFO] 规则转换完成：geosite-category-companies@!cn.txt (共 13 条规则)
2025-08-07T19:15:10.1635820Z [2025-08-07 19:15:10] [INFO] 下载sing-geosite规则：geosite-category-companies@cn.srs (https://raw.githubusercontent.com/SagerNet/sing-geosite/rule-set/geosite-category-companies@cn.srs)
2025-08-07T19:15:10.3617980Z [2025-08-07 19:15:10] [INFO] 规则转换完成：geosite-category-companies@cn.txt (共 723 条规则)
2025-08-07T19:15:10.3662316Z [2025-08-07 19:15:10] [INFO] 下载sing-geosite规则：geosite-category-cryptocurrency@cn.srs (https://raw.githubusercontent.com/SagerNet/sing-geosite/rule-set/geosite-category-cryptocurrency@cn.srs)
2025-08-07T19:15:10.5741456Z [2025-08-07 19:15:10] [INFO] 规则转换完成：geosite-category-cryptocurrency@cn.txt (共 1 条规则)
2025-08-07T19:15:10.5785279Z [2025-08-07 19:15:10] [INFO] 下载sing-geosite规则：geosite-category-dev@cn.srs (https://raw.githubusercontent.com/SagerNet/sing-geosite/rule-set/geosite-category-dev@cn.srs)
2025-08-07T19:15:10.7829280Z [2025-08-07 19:15:10] [INFO] 规则转换完成：geosite-category-dev@cn.txt (共 11 条规则)
2025-08-07T19:15:10.7875386Z [2025-08-07 19:15:10] [INFO] 下载sing-geosite规则：geosite-category-ecommerce@cn.srs (https://raw.githubusercontent.com/SagerNet/sing-geosite/rule-set/geosite-category-ecommerce@cn.srs)
2025-08-07T19:15:10.9962350Z [2025-08-07 19:15:10] [INFO] 规则转换完成：geosite-category-ecommerce@cn.txt (共 78 条规则)
2025-08-07T19:15:11.0006125Z [2025-08-07 19:15:11] [INFO] 下载sing-geosite规则：geosite-category-enhance-gaming@cn.srs (https://raw.githubusercontent.com/SagerNet/sing-geosite/rule-set/geosite-category-enhance-gaming@cn.srs)
2025-08-07T19:15:11.1968275Z [2025-08-07 19:15:11] [INFO] 规则转换完成：geosite-category-enhance-gaming@cn.txt (共 5 条规则)
2025-08-07T19:15:11.2012919Z [2025-08-07 19:15:11] [INFO] 下载sing-geosite规则：geosite-category-entertainment@!cn.srs (https://raw.githubusercontent.com/SagerNet/sing-geosite/rule-set/geosite-category-entertainment@!cn.srs)
2025-08-07T19:15:11.3851836Z [2025-08-07 19:15:11] [INFO] 规则转换完成：geosite-category-entertainment@!cn.txt (共 21 条规则)
2025-08-07T19:15:11.3895753Z [2025-08-07 19:15:11] [INFO] 下载sing-geosite规则：geosite-category-entertainment@cn.srs (https://raw.githubusercontent.com/SagerNet/sing-geosite/rule-set/geosite-category-entertainment@cn.srs)
2025-08-07T19:15:11.5970687Z [2025-08-07 19:15:11] [INFO] 规则转换完成：geosite-category-entertainment@cn.txt (共 64 条规则)
2025-08-07T19:15:11.6015357Z [2025-08-07 19:15:11] [INFO] 下载sing-geosite规则：geosite-category-finance@cn.srs (https://raw.githubusercontent.com/SagerNet/sing-geosite/rule-set/geosite-category-finance@cn.srs)
2025-08-07T19:15:11.7907624Z [2025-08-07 19:15:11] [INFO] 规则转换完成：geosite-category-finance@cn.txt (共 1 条规则)
2025-08-07T19:15:11.7951468Z [2025-08-07 19:15:11] [INFO] 下载sing-geosite规则：geosite-category-game-platforms-download@cn.srs (https://raw.githubusercontent.com/SagerNet/sing-geosite/rule-set/geosite-category-game-platforms-download@cn.srs)
2025-08-07T19:15:12.0084087Z [2025-08-07 19:15:12] [INFO] 规则转换完成：geosite-category-game-platforms-download@cn.txt (共 22 条规则)
2025-08-07T19:15:12.0129302Z [2025-08-07 19:15:12] [INFO] 下载sing-geosite规则：geosite-category-games@!cn.srs (https://raw.githubusercontent.com/SagerNet/sing-geosite/rule-set/geosite-category-games@!cn.srs)
2025-08-07T19:15:12.2138640Z [2025-08-07 19:15:12] [INFO] 规则转换完成：geosite-category-games@!cn.txt (共 1 条规则)
2025-08-07T19:15:12.2184308Z [2025-08-07 19:15:12] [INFO] 下载sing-geosite规则：geosite-category-games@cn.srs (https://raw.githubusercontent.com/SagerNet/sing-geosite/rule-set/geosite-category-games@cn.srs)
2025-08-07T19:15:12.3715845Z [2025-08-07 19:15:12] [INFO] 规则转换完成：geosite-category-games@cn.txt (共 155 条规则)
2025-08-07T19:15:12.3760399Z [2025-08-07 19:15:12] [INFO] 下载sing-geosite规则：geosite-category-games-!cn.srs (https://raw.githubusercontent.com/SagerNet/sing-geosite/rule-set/geosite-category-games-!cn.srs)
2025-08-07T19:15:12.5650032Z [2025-08-07 19:15:12] [INFO] 规则转换完成：geosite-category-games-!cn.txt (共 597 条规则)
2025-08-07T19:15:12.5696320Z [2025-08-07 19:15:12] [INFO] 下载sing-geosite规则：geosite-category-media@cn.srs (https://raw.githubusercontent.com/SagerNet/sing-geosite/rule-set/geosite-category-media@cn.srs)
2025-08-07T19:15:12.7872897Z [2025-08-07 19:15:12] [INFO] 规则转换完成：geosite-category-media@cn.txt (共 5 条规则)
2025-08-07T19:15:12.7917928Z [2025-08-07 19:15:12] [INFO] 下载sing-geosite规则：geosite-category-ntp@cn.srs (https://raw.githubusercontent.com/SagerNet/sing-geosite/rule-set/geosite-category-ntp@cn.srs)
2025-08-07T19:15:13.0073569Z [2025-08-07 19:15:13] [INFO] 规则转换完成：geosite-category-ntp@cn.txt (共 21 条规则)
2025-08-07T19:15:13.0119998Z [2025-08-07 19:15:13] [INFO] 下载sing-geosite规则：geosite-category-pt@!cn.srs (https://raw.githubusercontent.com/SagerNet/sing-geosite/rule-set/geosite-category-pt@!cn.srs)
2025-08-07T19:15:13.2174496Z [2025-08-07 19:15:13] [INFO] 规则转换完成：geosite-category-pt@!cn.txt (共 10 条规则)
2025-08-07T19:15:13.2219925Z [2025-08-07 19:15:13] [INFO] 下载sing-geosite规则：geosite-category-remote-control@cn.srs (https://raw.githubusercontent.com/SagerNet/sing-geosite/rule-set/geosite-category-remote-control@cn.srs)
2025-08-07T19:15:13.4069628Z [2025-08-07 19:15:13] [INFO] 规则转换完成：geosite-category-remote-control@cn.txt (共 1 条规则)
2025-08-07T19:15:13.4114910Z [2025-08-07 19:15:13] [INFO] 下载sing-geosite规则：geosite-category-scholar-!cn.srs (https://raw.githubusercontent.com/SagerNet/sing-geosite/rule-set/geosite-category-scholar-!cn.srs)
2025-08-07T19:15:13.6617957Z [2025-08-07 19:15:13] [INFO] 规则转换完成：geosite-category-scholar-!cn.txt (共 5994 条规则)
2025-08-07T19:15:13.6662480Z [2025-08-07 19:15:13] [INFO] 下载sing-geosite规则：geosite-category-social-media-!cn.srs (https://raw.githubusercontent.com/SagerNet/sing-geosite/rule-set/geosite-category-social-media-!cn.srs)
2025-08-07T19:15:13.8571495Z [2025-08-07 19:15:13] [INFO] 规则转换完成：geosite-category-social-media-!cn.txt (共 576 条规则)
2025-08-07T19:15:13.8616021Z [2025-08-07 19:15:13] [INFO] 下载sing-geosite规则：geosite-category-speedtest@!cn.srs (https://raw.githubusercontent.com/SagerNet/sing-geosite/rule-set/geosite-category-speedtest@!cn.srs)
2025-08-07T19:15:14.0786673Z [2025-08-07 19:15:14] [INFO] 规则转换完成：geosite-category-speedtest@!cn.txt (共 1 条规则)
2025-08-07T19:15:14.0832056Z [2025-08-07 19:15:14] [INFO] 下载sing-geosite规则：geosite-category-speedtest@cn.srs (https://raw.githubusercontent.com/SagerNet/sing-geosite/rule-set/geosite-category-speedtest@cn.srs)
2025-08-07T19:15:14.2945010Z [2025-08-07 19:15:14] [INFO] 规则转换完成：geosite-category-speedtest@cn.txt (共 17 条规则)
2025-08-07T19:15:14.2989962Z [2025-08-07 19:15:14] [INFO] 下载sing-geosite规则：geosite-category-tech-media@cn.srs (https://raw.githubusercontent.com/SagerNet/sing-geosite/rule-set/geosite-category-tech-media@cn.srs)
2025-08-07T19:15:14.5010110Z [2025-08-07 19:15:14] [INFO] 规则转换完成：geosite-category-tech-media@cn.txt (共 1 条规则)
2025-08-07T19:15:14.5056849Z [2025-08-07 19:15:14] [INFO] 下载sing-geosite规则：geosite-ccb@!cn.srs (https://raw.githubusercontent.com/SagerNet/sing-geosite/rule-set/geosite-ccb@!cn.srs)
2025-08-07T19:15:14.8135775Z [2025-08-07 19:15:14] [INFO] 规则转换完成：geosite-ccb@!cn.txt (共 2 条规则)
2025-08-07T19:15:14.8180769Z [2025-08-07 19:15:14] [INFO] 下载sing-geosite规则：geosite-chinamobile@!cn.srs (https://raw.githubusercontent.com/SagerNet/sing-geosite/rule-set/geosite-chinamobile@!cn.srs)
2025-08-07T19:15:15.0322253Z [2025-08-07 19:15:15] [INFO] 规则转换完成：geosite-chinamobile@!cn.txt (共 2 条规则)
2025-08-07T19:15:15.0367138Z [2025-08-07 19:15:15] [INFO] 下载sing-geosite规则：geosite-chinatelecom@!cn.srs (https://raw.githubusercontent.com/SagerNet/sing-geosite/rule-set/geosite-chinatelecom@!cn.srs)
2025-08-07T19:15:15.2489416Z [2025-08-07 19:15:15] [INFO] 规则转换完成：geosite-chinatelecom@!cn.txt (共 7 条规则)
2025-08-07T19:15:15.2533579Z [2025-08-07 19:15:15] [INFO] 下载sing-geosite规则：geosite-chinaunicom@!cn.srs (https://raw.githubusercontent.com/SagerNet/sing-geosite/rule-set/geosite-chinaunicom@!cn.srs)
2025-08-07T19:15:15.4540253Z [2025-08-07 19:15:15] [INFO] 规则转换完成：geosite-chinaunicom@!cn.txt (共 3 条规则)
2025-08-07T19:15:15.4584287Z [2025-08-07 19:15:15] [INFO] 下载sing-geosite规则：geosite-cisco@cn.srs (https://raw.githubusercontent.com/SagerNet/sing-geosite/rule-set/geosite-cisco@cn.srs)
2025-08-07T19:15:15.6559179Z [2025-08-07 19:15:15] [INFO] 规则转换完成：geosite-cisco@cn.txt (共 4 条规则)
2025-08-07T19:15:15.6605473Z [2025-08-07 19:15:15] [INFO] 下载sing-geosite规则：geosite-citic@!cn.srs (https://raw.githubusercontent.com/SagerNet/sing-geosite/rule-set/geosite-citic@!cn.srs)
2025-08-07T19:15:15.8661686Z [2025-08-07 19:15:15] [INFO] 规则转换完成：geosite-citic@!cn.txt (共 3 条规则)
2025-08-07T19:15:15.8707265Z [2025-08-07 19:15:15] [INFO] 下载sing-geosite规则：geosite-clearasil@cn.srs (https://raw.githubusercontent.com/SagerNet/sing-geosite/rule-set/geosite-clearasil@cn.srs)
2025-08-07T19:15:16.0800298Z [2025-08-07 19:15:16] [INFO] 规则转换完成：geosite-clearasil@cn.txt (共 2 条规则)
2025-08-07T19:15:16.0846085Z [2025-08-07 19:15:16] [INFO] 下载sing-geosite规则：geosite-cloudflare@cn.srs (https://raw.githubusercontent.com/SagerNet/sing-geosite/rule-set/geosite-cloudflare@cn.srs)
2025-08-07T19:15:16.2828006Z [2025-08-07 19:15:16] [INFO] 规则转换完成：geosite-cloudflare@cn.txt (共 18 条规则)
2025-08-07T19:15:16.2872917Z [2025-08-07 19:15:16] [INFO] 下载sing-geosite规则：geosite-cmb@!cn.srs (https://raw.githubusercontent.com/SagerNet/sing-geosite/rule-set/geosite-cmb@!cn.srs)
2025-08-07T19:15:16.4832584Z [2025-08-07 19:15:16] [INFO] 规则转换完成：geosite-cmb@!cn.txt (共 2 条规则)
2025-08-07T19:15:16.4877762Z [2025-08-07 19:15:16] [INFO] 下载sing-geosite规则：geosite-cn.srs (https://raw.githubusercontent.com/SagerNet/sing-geosite/rule-set/geosite-cn.srs)
2025-08-07T19:15:16.7319940Z [2025-08-07 19:15:16] [INFO] 规则转换完成：geosite-cn.txt (共 7231 条规则)
2025-08-07T19:15:16.7365828Z [2025-08-07 19:15:16] [INFO] 下载sing-geosite规则：geosite-ctexcel@!cn.srs (https://raw.githubusercontent.com/SagerNet/sing-geosite/rule-set/geosite-ctexcel@!cn.srs)
2025-08-07T19:15:16.9371667Z [2025-08-07 19:15:16] [INFO] 规则转换完成：geosite-ctexcel@!cn.txt (共 5 条规则)
2025-08-07T19:15:16.9416759Z [2025-08-07 19:15:16] [INFO] 下载sing-geosite规则：geosite-ctrip@!cn.srs (https://raw.githubusercontent.com/SagerNet/sing-geosite/rule-set/geosite-ctrip@!cn.srs)
2025-08-07T19:15:17.1532629Z [2025-08-07 19:15:17] [INFO] 规则转换完成：geosite-ctrip@!cn.txt (共 16 条规则)
2025-08-07T19:15:17.1578017Z [2025-08-07 19:15:17] [INFO] 下载sing-geosite规则：geosite-dell@cn.srs (https://raw.githubusercontent.com/SagerNet/sing-geosite/rule-set/geosite-dell@cn.srs)
2025-08-07T19:15:17.3669314Z [2025-08-07 19:15:17] [INFO] 规则转换完成：geosite-dell@cn.txt (共 1 条规则)
2025-08-07T19:15:17.3713947Z [2025-08-07 19:15:17] [INFO] 下载sing-geosite规则：geosite-dettol@cn.srs (https://raw.githubusercontent.com/SagerNet/sing-geosite/rule-set/geosite-dettol@cn.srs)
2025-08-07T19:15:17.5914657Z [2025-08-07 19:15:17] [INFO] 规则转换完成：geosite-dettol@cn.txt (共 1 条规则)
2025-08-07T19:15:17.5960396Z [2025-08-07 19:15:17] [INFO] 下载sing-geosite规则：geosite-didi@!cn.srs (https://raw.githubusercontent.com/SagerNet/sing-geosite/rule-set/geosite-didi@!cn.srs)
2025-08-07T19:15:17.7921796Z [2025-08-07 19:15:17] [INFO] 规则转换完成：geosite-didi@!cn.txt (共 4 条规则)
2025-08-07T19:15:17.7967450Z [2025-08-07 19:15:17] [INFO] 下载sing-geosite规则：geosite-digicert@cn.srs (https://raw.githubusercontent.com/SagerNet/sing-geosite/rule-set/geosite-digicert@cn.srs)
2025-08-07T19:15:17.9912094Z [2025-08-07 19:15:17] [INFO] 规则转换完成：geosite-digicert@cn.txt (共 2 条规则)
2025-08-07T19:15:17.9957042Z [2025-08-07 19:15:17] [INFO] 下载sing-geosite规则：geosite-duolingo@cn.srs (https://raw.githubusercontent.com/SagerNet/sing-geosite/rule-set/geosite-duolingo@cn.srs)
2025-08-07T19:15:18.2085410Z [2025-08-07 19:15:18] [INFO] 规则转换完成：geosite-duolingo@cn.txt (共 1 条规则)
2025-08-07T19:15:18.2129275Z [2025-08-07 19:15:18] [INFO] 下载sing-geosite规则：geosite-durex@cn.srs (https://raw.githubusercontent.com/SagerNet/sing-geosite/rule-set/geosite-durex@cn.srs)
2025-08-07T19:15:18.4153170Z [2025-08-07 19:15:18] [INFO] 规则转换完成：geosite-durex@cn.txt (共 3 条规则)
2025-08-07T19:15:18.4197024Z [2025-08-07 19:15:18] [INFO] 下载sing-geosite规则：geosite-eastmoney@!cn.srs (https://raw.githubusercontent.com/SagerNet/sing-geosite/rule-set/geosite-eastmoney@!cn.srs)
2025-08-07T19:15:18.7043813Z [2025-08-07 19:15:18] [INFO] 规则转换完成：geosite-eastmoney@!cn.txt (共 1 条规则)
2025-08-07T19:15:18.7089604Z [2025-08-07 19:15:18] [INFO] 下载sing-geosite规则：geosite-ebay@cn.srs (https://raw.githubusercontent.com/SagerNet/sing-geosite/rule-set/geosite-ebay@cn.srs)
2025-08-07T19:15:18.9112468Z [2025-08-07 19:15:18] [INFO] 规则转换完成：geosite-ebay@cn.txt (共 37 条规则)
2025-08-07T19:15:18.9156790Z [2025-08-07 19:15:18] [INFO] 下载sing-geosite规则：geosite-entrust@cn.srs (https://raw.githubusercontent.com/SagerNet/sing-geosite/rule-set/geosite-entrust@cn.srs)
2025-08-07T19:15:19.2301237Z [2025-08-07 19:15:19] [INFO] 规则转换完成：geosite-entrust@cn.txt (共 1 条规则)
2025-08-07T19:15:19.2345939Z [2025-08-07 19:15:19] [INFO] 下载sing-geosite规则：geosite-epicgames@cn.srs (https://raw.githubusercontent.com/SagerNet/sing-geosite/rule-set/geosite-epicgames@cn.srs)
2025-08-07T19:15:19.4158225Z [2025-08-07 19:15:19] [INFO] 规则转换完成：geosite-epicgames@cn.txt (共 2 条规则)
2025-08-07T19:15:19.4202349Z [2025-08-07 19:15:19] [INFO] 下载sing-geosite规则：geosite-eset@cn.srs (https://raw.githubusercontent.com/SagerNet/sing-geosite/rule-set/geosite-eset@cn.srs)
2025-08-07T19:15:19.6313498Z [2025-08-07 19:15:19] [INFO] 规则转换完成：geosite-eset@cn.txt (共 1 条规则)
2025-08-07T19:15:19.6359338Z [2025-08-07 19:15:19] [INFO] 下载sing-geosite规则：geosite-familymart@cn.srs (https://raw.githubusercontent.com/SagerNet/sing-geosite/rule-set/geosite-familymart@cn.srs)
2025-08-07T19:15:19.8425824Z [2025-08-07 19:15:19] [INFO] 规则转换完成：geosite-familymart@cn.txt (共 1 条规则)
2025-08-07T19:15:19.8469219Z [2025-08-07 19:15:19] [INFO] 下载sing-geosite规则：geosite-farfetch@cn.srs (https://raw.githubusercontent.com/SagerNet/sing-geosite/rule-set/geosite-farfetch@cn.srs)
2025-08-07T19:15:20.0549988Z [2025-08-07 19:15:20] [INFO] 规则转换完成：geosite-farfetch@cn.txt (共 3 条规则)
2025-08-07T19:15:20.0596150Z [2025-08-07 19:15:20] [INFO] 下载sing-geosite规则：geosite-fflogs@cn.srs (https://raw.githubusercontent.com/SagerNet/sing-geosite/rule-set/geosite-fflogs@cn.srs)
2025-08-07T19:15:20.2767668Z [2025-08-07 19:15:20] [INFO] 规则转换完成：geosite-fflogs@cn.txt (共 1 条规则)
2025-08-07T19:15:20.2812042Z [2025-08-07 19:15:20] [INFO] 下载sing-geosite规则：geosite-finish@cn.srs (https://raw.githubusercontent.com/SagerNet/sing-geosite/rule-set/geosite-finish@cn.srs)
2025-08-07T19:15:20.5531608Z [2025-08-07 19:15:20] [INFO] 规则转换完成：geosite-finish@cn.txt (共 2 条规则)
2025-08-07T19:15:20.5575402Z [2025-08-07 19:15:20] [INFO] 下载sing-geosite规则：geosite-firebase@cn.srs (https://raw.githubusercontent.com/SagerNet/sing-geosite/rule-set/geosite-firebase@cn.srs)
2025-08-07T19:15:20.7602951Z [2025-08-07 19:15:20] [INFO] 规则转换完成：geosite-firebase@cn.txt (共 1 条规则)
2025-08-07T19:15:20.7648835Z [2025-08-07 19:15:20] [INFO] 下载sing-geosite规则：geosite-geolocation-!cn.srs (https://raw.githubusercontent.com/SagerNet/sing-geosite/rule-set/geosite-geolocation-!cn.srs)
2025-08-07T19:15:21.1302866Z [2025-08-07 19:15:21] [INFO] 规则转换完成：geosite-geolocation-!cn.txt (共 26913 条规则)
2025-08-07T19:15:21.1348246Z [2025-08-07 19:15:21] [INFO] 下载sing-geosite规则：geosite-gigabyte@cn.srs (https://raw.githubusercontent.com/SagerNet/sing-geosite/rule-set/geosite-gigabyte@cn.srs)
2025-08-07T19:15:21.3436883Z [2025-08-07 19:15:21] [INFO] 规则转换完成：geosite-gigabyte@cn.txt (共 2 条规则)
2025-08-07T19:15:21.3481566Z [2025-08-07 19:15:21] [INFO] 下载sing-geosite规则：geosite-globalsign@cn.srs (https://raw.githubusercontent.com/SagerNet/sing-geosite/rule-set/geosite-globalsign@cn.srs)
2025-08-07T19:15:21.5627851Z [2025-08-07 19:15:21] [INFO] 规则转换完成：geosite-globalsign@cn.txt (共 7 条规则)
2025-08-07T19:15:21.5671275Z [2025-08-07 19:15:21] [INFO] 下载sing-geosite规则：geosite-gog@cn.srs (https://raw.githubusercontent.com/SagerNet/sing-geosite/rule-set/geosite-gog@cn.srs)
2025-08-07T19:15:21.8456860Z [2025-08-07 19:15:21] [INFO] 规则转换完成：geosite-gog@cn.txt (共 11 条规则)
2025-08-07T19:15:21.8501531Z [2025-08-07 19:15:21] [INFO] 下载sing-geosite规则：geosite-google@!cn.srs (https://raw.githubusercontent.com/SagerNet/sing-geosite/rule-set/geosite-google@!cn.srs)
2025-08-07T19:15:22.0841680Z [2025-08-07 19:15:22] [INFO] 规则转换完成：geosite-google@!cn.txt (共 7 条规则)
2025-08-07T19:15:22.0886008Z [2025-08-07 19:15:22] [INFO] 下载sing-geosite规则：geosite-google@cn.srs (https://raw.githubusercontent.com/SagerNet/sing-geosite/rule-set/geosite-google@cn.srs)
2025-08-07T19:15:22.2554376Z [2025-08-07 19:15:22] [INFO] 规则转换完成：geosite-google@cn.txt (共 156 条规则)
2025-08-07T19:15:22.2598907Z [2025-08-07 19:15:22] [INFO] 下载sing-geosite规则：geosite-googlefcm@!cn.srs (https://raw.githubusercontent.com/SagerNet/sing-geosite/rule-set/geosite-googlefcm@!cn.srs)
2025-08-07T19:15:22.4718675Z [2025-08-07 19:15:22] [INFO] 规则转换完成：geosite-googlefcm@!cn.txt (共 7 条规则)
2025-08-07T19:15:22.4763083Z [2025-08-07 19:15:22] [INFO] 下载sing-geosite规则：geosite-gucci@cn.srs (https://raw.githubusercontent.com/SagerNet/sing-geosite/rule-set/geosite-gucci@cn.srs)
2025-08-07T19:15:22.6951501Z [2025-08-07 19:15:22] [INFO] 规则转换完成：geosite-gucci@cn.txt (共 1 条规则)
2025-08-07T19:15:22.6995141Z [2025-08-07 19:15:22] [INFO] 下载sing-geosite规则：geosite-hketgroup@cn.srs (https://raw.githubusercontent.com/SagerNet/sing-geosite/rule-set/geosite-hketgroup@cn.srs)
2025-08-07T19:15:22.9046727Z [2025-08-07 19:15:22] [INFO] 规则转换完成：geosite-hketgroup@cn.txt (共 2 条规则)
2025-08-07T19:15:22.9090972Z [2025-08-07 19:15:22] [INFO] 下载sing-geosite规则：geosite-hm@cn.srs (https://raw.githubusercontent.com/SagerNet/sing-geosite/rule-set/geosite-hm@cn.srs)
2025-08-07T19:15:23.1011154Z [2025-08-07 19:15:23] [INFO] 规则转换完成：geosite-hm@cn.txt (共 1 条规则)
2025-08-07T19:15:23.1055215Z [2025-08-07 19:15:23] [INFO] 下载sing-geosite规则：geosite-hp@cn.srs (https://raw.githubusercontent.com/SagerNet/sing-geosite/rule-set/geosite-hp@cn.srs)
2025-08-07T19:15:23.2958031Z [2025-08-07 19:15:23] [INFO] 规则转换完成：geosite-hp@cn.txt (共 1 条规则)
2025-08-07T19:15:23.3003004Z [2025-08-07 19:15:23] [INFO] 下载sing-geosite规则：geosite-huawei@!cn.srs (https://raw.githubusercontent.com/SagerNet/sing-geosite/rule-set/geosite-huawei@!cn.srs)
2025-08-07T19:15:23.5035139Z [2025-08-07 19:15:23] [INFO] 规则转换完成：geosite-huawei@!cn.txt (共 20 条规则)
2025-08-07T19:15:23.5079336Z [2025-08-07 19:15:23] [INFO] 下载sing-geosite规则：geosite-huawei@cn.srs (https://raw.githubusercontent.com/SagerNet/sing-geosite/rule-set/geosite-huawei@cn.srs)
2025-08-07T19:15:23.7043596Z [2025-08-07 19:15:23] [INFO] 规则转换完成：geosite-huawei@cn.txt (共 23 条规则)
2025-08-07T19:15:23.7088019Z [2025-08-07 19:15:23] [INFO] 下载sing-geosite规则：geosite-huaweicloud@!cn.srs (https://raw.githubusercontent.com/SagerNet/sing-geosite/rule-set/geosite-huaweicloud@!cn.srs)
2025-08-07T19:15:23.9298820Z [2025-08-07 19:15:23] [INFO] 规则转换完成：geosite-huaweicloud@!cn.txt (共 20 条规则)
2025-08-07T19:15:23.9342343Z [2025-08-07 19:15:23] [INFO] 下载sing-geosite规则：geosite-icbc@!cn.srs (https://raw.githubusercontent.com/SagerNet/sing-geosite/rule-set/geosite-icbc@!cn.srs)
2025-08-07T19:15:24.1398942Z [2025-08-07 19:15:24] [INFO] 规则转换完成：geosite-icbc@!cn.txt (共 45 条规则)
2025-08-07T19:15:24.1443087Z [2025-08-07 19:15:24] [INFO] 下载sing-geosite规则：geosite-icloud@cn.srs (https://raw.githubusercontent.com/SagerNet/sing-geosite/rule-set/geosite-icloud@cn.srs)
2025-08-07T19:15:24.3565479Z [2025-08-07 19:15:24] [INFO] 规则转换完成：geosite-icloud@cn.txt (共 6 条规则)
2025-08-07T19:15:24.3609866Z [2025-08-07 19:15:24] [INFO] 下载sing-geosite规则：geosite-ifast@cn.srs (https://raw.githubusercontent.com/SagerNet/sing-geosite/rule-set/geosite-ifast@cn.srs)
2025-08-07T19:15:24.5744070Z [2025-08-07 19:15:24] [INFO] 规则转换完成：geosite-ifast@cn.txt (共 1 条规则)
2025-08-07T19:15:24.5788174Z [2025-08-07 19:15:24] [INFO] 下载sing-geosite规则：geosite-ikea@cn.srs (https://raw.githubusercontent.com/SagerNet/sing-geosite/rule-set/geosite-ikea@cn.srs)
2025-08-07T19:15:24.7727714Z [2025-08-07 19:15:24] [INFO] 规则转换完成：geosite-ikea@cn.txt (共 4 条规则)
2025-08-07T19:15:24.7772609Z [2025-08-07 19:15:24] [INFO] 下载sing-geosite规则：geosite-intel@cn.srs (https://raw.githubusercontent.com/SagerNet/sing-geosite/rule-set/geosite-intel@cn.srs)
2025-08-07T19:15:24.9846951Z [2025-08-07 19:15:24] [INFO] 规则转换完成：geosite-intel@cn.txt (共 3 条规则)
2025-08-07T19:15:24.9891752Z [2025-08-07 19:15:24] [INFO] 下载sing-geosite规则：geosite-ipip@!cn.srs (https://raw.githubusercontent.com/SagerNet/sing-geosite/rule-set/geosite-ipip@!cn.srs)
2025-08-07T19:15:25.1865911Z [2025-08-07 19:15:25] [INFO] 规则转换完成：geosite-ipip@!cn.txt (共 1 条规则)
2025-08-07T19:15:25.1909758Z [2025-08-07 19:15:25] [INFO] 下载sing-geosite规则：geosite-iqiyi@!cn.srs (https://raw.githubusercontent.com/SagerNet/sing-geosite/rule-set/geosite-iqiyi@!cn.srs)
2025-08-07T19:15:25.3865761Z [2025-08-07 19:15:25] [INFO] 规则转换完成：geosite-iqiyi@!cn.txt (共 1 条规则)
2025-08-07T19:15:25.3910051Z [2025-08-07 19:15:25] [INFO] 下载sing-geosite规则：geosite-itunes@cn.srs (https://raw.githubusercontent.com/SagerNet/sing-geosite/rule-set/geosite-itunes@cn.srs)
2025-08-07T19:15:25.5894295Z [2025-08-07 19:15:25] [INFO] 规则转换完成：geosite-itunes@cn.txt (共 5 条规则)
2025-08-07T19:15:25.5939331Z [2025-08-07 19:15:25] [INFO] 下载sing-geosite规则：geosite-jd@!cn.srs (https://raw.githubusercontent.com/SagerNet/sing-geosite/rule-set/geosite-jd@!cn.srs)
2025-08-07T19:15:25.7964820Z [2025-08-07 19:15:25] [INFO] 规则转换完成：geosite-jd@!cn.txt (共 4 条规则)
2025-08-07T19:15:25.8009020Z [2025-08-07 19:15:25] [INFO] 下载sing-geosite规则：geosite-jetbrains@cn.srs (https://raw.githubusercontent.com/SagerNet/sing-geosite/rule-set/geosite-jetbrains@cn.srs)
2025-08-07T19:15:26.0217595Z [2025-08-07 19:15:26] [INFO] 规则转换完成：geosite-jetbrains@cn.txt (共 2 条规则)
2025-08-07T19:15:26.0262004Z [2025-08-07 19:15:26] [INFO] 下载sing-geosite规则：geosite-kechuang@cn.srs (https://raw.githubusercontent.com/SagerNet/sing-geosite/rule-set/geosite-kechuang@cn.srs)
2025-08-07T19:15:26.2400608Z [2025-08-07 19:15:26] [INFO] 规则转换完成：geosite-kechuang@cn.txt (共 1 条规则)
2025-08-07T19:15:26.2445667Z [2025-08-07 19:15:26] [INFO] 下载sing-geosite规则：geosite-kindle@cn.srs (https://raw.githubusercontent.com/SagerNet/sing-geosite/rule-set/geosite-kindle@cn.srs)
2025-08-07T19:15:26.4531518Z [2025-08-07 19:15:26] [INFO] 规则转换完成：geosite-kindle@cn.txt (共 3 条规则)
2025-08-07T19:15:26.4576693Z [2025-08-07 19:15:26] [INFO] 下载sing-geosite规则：geosite-kurogames@cn.srs (https://raw.githubusercontent.com/SagerNet/sing-geosite/rule-set/geosite-kurogames@cn.srs)
2025-08-07T19:15:26.6597462Z [2025-08-07 19:15:26] [INFO] 规则转换完成：geosite-kurogames@cn.txt (共 2 条规则)
2025-08-07T19:15:26.6641719Z [2025-08-07 19:15:26] [INFO] 下载sing-geosite规则：geosite-linkedin@cn.srs (https://raw.githubusercontent.com/SagerNet/sing-geosite/rule-set/geosite-linkedin@cn.srs)
2025-08-07T19:15:26.8718837Z [2025-08-07 19:15:26] [INFO] 规则转换完成：geosite-linkedin@cn.txt (共 2 条规则)
2025-08-07T19:15:26.8762306Z [2025-08-07 19:15:26] [INFO] 下载sing-geosite规则：geosite-lysol@cn.srs (https://raw.githubusercontent.com/SagerNet/sing-geosite/rule-set/geosite-lysol@cn.srs)
2025-08-07T19:15:27.0776390Z [2025-08-07 19:15:27] [INFO] 规则转换完成：geosite-lysol@cn.txt (共 2 条规则)
2025-08-07T19:15:27.0820194Z [2025-08-07 19:15:27] [INFO] 下载sing-geosite规则：geosite-mapbox@cn.srs (https://raw.githubusercontent.com/SagerNet/sing-geosite/rule-set/geosite-mapbox@cn.srs)
2025-08-07T19:15:27.2767485Z [2025-08-07 19:15:27] [INFO] 规则转换完成：geosite-mapbox@cn.txt (共 1 条规则)
2025-08-07T19:15:27.2812167Z [2025-08-07 19:15:27] [INFO] 下载sing-geosite规则：geosite-mastercard@cn.srs (https://raw.githubusercontent.com/SagerNet/sing-geosite/rule-set/geosite-mastercard@cn.srs)
2025-08-07T19:15:27.4798204Z [2025-08-07 19:15:27] [INFO] 规则转换完成：geosite-mastercard@cn.txt (共 6 条规则)
2025-08-07T19:15:27.4841977Z [2025-08-07 19:15:27] [INFO] 下载sing-geosite规则：geosite-mcdonalds@cn.srs (https://raw.githubusercontent.com/SagerNet/sing-geosite/rule-set/geosite-mcdonalds@cn.srs)
2025-08-07T19:15:27.6959155Z [2025-08-07 19:15:27] [INFO] 规则转换完成：geosite-mcdonalds@cn.txt (共 3 条规则)
2025-08-07T19:15:27.7002883Z [2025-08-07 19:15:27] [INFO] 下载sing-geosite规则：geosite-meadjohnson@cn.srs (https://raw.githubusercontent.com/SagerNet/sing-geosite/rule-set/geosite-meadjohnson@cn.srs)
2025-08-07T19:15:27.8995828Z [2025-08-07 19:15:27] [INFO] 规则转换完成：geosite-meadjohnson@cn.txt (共 2 条规则)
2025-08-07T19:15:27.9040184Z [2025-08-07 19:15:27] [INFO] 下载sing-geosite规则：geosite-microsoft@cn.srs (https://raw.githubusercontent.com/SagerNet/sing-geosite/rule-set/geosite-microsoft@cn.srs)
2025-08-07T19:15:28.0801812Z [2025-08-07 19:15:28] [INFO] 规则转换完成：geosite-microsoft@cn.txt (共 175 条规则)
2025-08-07T19:15:28.0846526Z [2025-08-07 19:15:28] [INFO] 下载sing-geosite规则：geosite-mihoyo@cn.srs (https://raw.githubusercontent.com/SagerNet/sing-geosite/rule-set/geosite-mihoyo@cn.srs)
2025-08-07T19:15:28.3014670Z [2025-08-07 19:15:28] [INFO] 规则转换完成：geosite-mihoyo@cn.txt (共 16 条规则)
2025-08-07T19:15:28.3060400Z [2025-08-07 19:15:28] [INFO] 下载sing-geosite规则：geosite-miniso@cn.srs (https://raw.githubusercontent.com/SagerNet/sing-geosite/rule-set/geosite-miniso@cn.srs)
2025-08-07T19:15:28.5049424Z [2025-08-07 19:15:28] [INFO] 规则转换完成：geosite-miniso@cn.txt (共 3 条规则)
2025-08-07T19:15:28.5093388Z [2025-08-07 19:15:28] [INFO] 下载sing-geosite规则：geosite-mortein@cn.srs (https://raw.githubusercontent.com/SagerNet/sing-geosite/rule-set/geosite-mortein@cn.srs)
2025-08-07T19:15:28.7044447Z [2025-08-07 19:15:28] [INFO] 规则转换完成：geosite-mortein@cn.txt (共 1 条规则)
2025-08-07T19:15:28.7089290Z [2025-08-07 19:15:28] [INFO] 下载sing-geosite规则：geosite-movefree@cn.srs (https://raw.githubusercontent.com/SagerNet/sing-geosite/rule-set/geosite-movefree@cn.srs)
2025-08-07T19:15:28.9368344Z [2025-08-07 19:15:28] [INFO] 规则转换完成：geosite-movefree@cn.txt (共 1 条规则)
2025-08-07T19:15:28.9413172Z [2025-08-07 19:15:28] [INFO] 下载sing-geosite规则：geosite-msn@cn.srs (https://raw.githubusercontent.com/SagerNet/sing-geosite/rule-set/geosite-msn@cn.srs)
2025-08-07T19:15:29.1565376Z [2025-08-07 19:15:29] [INFO] 规则转换完成：geosite-msn@cn.txt (共 2 条规则)
2025-08-07T19:15:29.1609898Z [2025-08-07 19:15:29] [INFO] 下载sing-geosite规则：geosite-muji@cn.srs (https://raw.githubusercontent.com/SagerNet/sing-geosite/rule-set/geosite-muji@cn.srs)
2025-08-07T19:15:29.4162656Z [2025-08-07 19:15:29] [INFO] 规则转换完成：geosite-muji@cn.txt (共 1 条规则)
2025-08-07T19:15:29.4206246Z [2025-08-07 19:15:29] [INFO] 下载sing-geosite规则：geosite-nike@cn.srs (https://raw.githubusercontent.com/SagerNet/sing-geosite/rule-set/geosite-nike@cn.srs)
2025-08-07T19:15:29.6196427Z [2025-08-07 19:15:29] [INFO] 规则转换完成：geosite-nike@cn.txt (共 20 条规则)
2025-08-07T19:15:29.6240262Z [2025-08-07 19:15:29] [INFO] 下载sing-geosite规则：geosite-nintendo@cn.srs (https://raw.githubusercontent.com/SagerNet/sing-geosite/rule-set/geosite-nintendo@cn.srs)
2025-08-07T19:15:29.8662440Z [2025-08-07 19:15:29] [INFO] 规则转换完成：geosite-nintendo@cn.txt (共 12 条规则)
2025-08-07T19:15:29.8707144Z [2025-08-07 19:15:29] [INFO] 下载sing-geosite规则：geosite-nurofen@cn.srs (https://raw.githubusercontent.com/SagerNet/sing-geosite/rule-set/geosite-nurofen@cn.srs)
2025-08-07T19:15:30.0749064Z [2025-08-07 19:15:30] [INFO] 规则转换完成：geosite-nurofen@cn.txt (共 2 条规则)
2025-08-07T19:15:30.0793109Z [2025-08-07 19:15:30] [INFO] 下载sing-geosite规则：geosite-nvidia@cn.srs (https://raw.githubusercontent.com/SagerNet/sing-geosite/rule-set/geosite-nvidia@cn.srs)
2025-08-07T19:15:30.3855200Z [2025-08-07 19:15:30] [INFO] 规则转换完成：geosite-nvidia@cn.txt (共 4 条规则)
2025-08-07T19:15:30.3900831Z [2025-08-07 19:15:30] [INFO] 下载sing-geosite规则：geosite-okaapps@cn.srs (https://raw.githubusercontent.com/SagerNet/sing-geosite/rule-set/geosite-okaapps@cn.srs)
2025-08-07T19:15:30.5845581Z [2025-08-07 19:15:30] [INFO] 规则转换完成：geosite-okaapps@cn.txt (共 1 条规则)
2025-08-07T19:15:30.5890082Z [2025-08-07 19:15:30] [INFO] 下载sing-geosite规则：geosite-okx@cn.srs (https://raw.githubusercontent.com/SagerNet/sing-geosite/rule-set/geosite-okx@cn.srs)
2025-08-07T19:15:30.7856592Z [2025-08-07 19:15:30] [INFO] 规则转换完成：geosite-okx@cn.txt (共 1 条规则)
2025-08-07T19:15:30.7901443Z [2025-08-07 19:15:30] [INFO] 下载sing-geosite规则：geosite-oneplus@!cn.srs (https://raw.githubusercontent.com/SagerNet/sing-geosite/rule-set/geosite-oneplus@!cn.srs)
2025-08-07T19:15:31.0019065Z [2025-08-07 19:15:31] [INFO] 规则转换完成：geosite-oneplus@!cn.txt (共 1 条规则)
2025-08-07T19:15:31.0064430Z [2025-08-07 19:15:31] [INFO] 下载sing-geosite规则：geosite-openjsfoundation@cn.srs (https://raw.githubusercontent.com/SagerNet/sing-geosite/rule-set/geosite-openjsfoundation@cn.srs)
2025-08-07T19:15:31.2030446Z [2025-08-07 19:15:31] [INFO] 规则转换完成：geosite-openjsfoundation@cn.txt (共 1 条规则)
2025-08-07T19:15:31.2074511Z [2025-08-07 19:15:31] [INFO] 下载sing-geosite规则：geosite-oppo@!cn.srs (https://raw.githubusercontent.com/SagerNet/sing-geosite/rule-set/geosite-oppo@!cn.srs)
2025-08-07T19:15:31.4356457Z [2025-08-07 19:15:31] [INFO] 规则转换完成：geosite-oppo@!cn.txt (共 1 条规则)
2025-08-07T19:15:31.4400635Z [2025-08-07 19:15:31] [INFO] 下载sing-geosite规则：geosite-oreilly@cn.srs (https://raw.githubusercontent.com/SagerNet/sing-geosite/rule-set/geosite-oreilly@cn.srs)
2025-08-07T19:15:31.6733395Z [2025-08-07 19:15:31] [INFO] 规则转换完成：geosite-oreilly@cn.txt (共 1 条规则)
2025-08-07T19:15:31.6779303Z [2025-08-07 19:15:31] [INFO] 下载sing-geosite规则：geosite-panasonic@cn.srs (https://raw.githubusercontent.com/SagerNet/sing-geosite/rule-set/geosite-panasonic@cn.srs)
2025-08-07T19:15:31.8855509Z [2025-08-07 19:15:31] [INFO] 规则转换完成：geosite-panasonic@cn.txt (共 1 条规则)
2025-08-07T19:15:31.8899383Z [2025-08-07 19:15:31] [INFO] 下载sing-geosite规则：geosite-paypal@cn.srs (https://raw.githubusercontent.com/SagerNet/sing-geosite/rule-set/geosite-paypal@cn.srs)
2025-08-07T19:15:32.0934294Z [2025-08-07 19:15:32] [INFO] 规则转换完成：geosite-paypal@cn.txt (共 12 条规则)
2025-08-07T19:15:32.0978287Z [2025-08-07 19:15:32] [INFO] 下载sing-geosite规则：geosite-pearson@cn.srs (https://raw.githubusercontent.com/SagerNet/sing-geosite/rule-set/geosite-pearson@cn.srs)
2025-08-07T19:15:32.2867529Z [2025-08-07 19:15:32] [INFO] 规则转换完成：geosite-pearson@cn.txt (共 1 条规则)
2025-08-07T19:15:32.2911764Z [2025-08-07 19:15:32] [INFO] 下载sing-geosite规则：geosite-pingan@!cn.srs (https://raw.githubusercontent.com/SagerNet/sing-geosite/rule-set/geosite-pingan@!cn.srs)
2025-08-07T19:15:32.4857592Z [2025-08-07 19:15:32] [INFO] 规则转换完成：geosite-pingan@!cn.txt (共 1 条规则)
2025-08-07T19:15:32.4902158Z [2025-08-07 19:15:32] [INFO] 下载sing-geosite规则：geosite-primevideo@cn.srs (https://raw.githubusercontent.com/SagerNet/sing-geosite/rule-set/geosite-primevideo@cn.srs)
2025-08-07T19:15:32.6954582Z [2025-08-07 19:15:32] [INFO] 规则转换完成：geosite-primevideo@cn.txt (共 2 条规则)
2025-08-07T19:15:32.6998459Z [2025-08-07 19:15:32] [INFO] 下载sing-geosite规则：geosite-qcloud@!cn.srs (https://raw.githubusercontent.com/SagerNet/sing-geosite/rule-set/geosite-qcloud@!cn.srs)
2025-08-07T19:15:32.9768800Z [2025-08-07 19:15:32] [INFO] 规则转换完成：geosite-qcloud@!cn.txt (共 61 条规则)
2025-08-07T19:15:32.9813807Z [2025-08-07 19:15:32] [INFO] 下载sing-geosite规则：geosite-qnap@cn.srs (https://raw.githubusercontent.com/SagerNet/sing-geosite/rule-set/geosite-qnap@cn.srs)
2025-08-07T19:15:33.1783447Z [2025-08-07 19:15:33] [INFO] 规则转换完成：geosite-qnap@cn.txt (共 3 条规则)
2025-08-07T19:15:33.1827564Z [2025-08-07 19:15:33] [INFO] 下载sing-geosite规则：geosite-qualcomm@cn.srs (https://raw.githubusercontent.com/SagerNet/sing-geosite/rule-set/geosite-qualcomm@cn.srs)
2025-08-07T19:15:33.3838150Z [2025-08-07 19:15:33] [INFO] 规则转换完成：geosite-qualcomm@cn.txt (共 6 条规则)
2025-08-07T19:15:33.3883323Z [2025-08-07 19:15:33] [INFO] 下载sing-geosite规则：geosite-razer@cn.srs (https://raw.githubusercontent.com/SagerNet/sing-geosite/rule-set/geosite-razer@cn.srs)
2025-08-07T19:15:33.5704691Z [2025-08-07 19:15:33] [INFO] 规则转换完成：geosite-razer@cn.txt (共 3 条规则)
2025-08-07T19:15:33.5749260Z [2025-08-07 19:15:33] [INFO] 下载sing-geosite规则：geosite-rb@cn.srs (https://raw.githubusercontent.com/SagerNet/sing-geosite/rule-set/geosite-rb@cn.srs)
2025-08-07T19:15:33.7609253Z [2025-08-07 19:15:33] [INFO] 规则转换完成：geosite-rb@cn.txt (共 28 条规则)
2025-08-07T19:15:33.7653398Z [2025-08-07 19:15:33] [INFO] 下载sing-geosite规则：geosite-reabble@cn.srs (https://raw.githubusercontent.com/SagerNet/sing-geosite/rule-set/geosite-reabble@cn.srs)
2025-08-07T19:15:33.9656079Z [2025-08-07 19:15:33] [INFO] 规则转换完成：geosite-reabble@cn.txt (共 1 条规则)
2025-08-07T19:15:33.9700323Z [2025-08-07 19:15:33] [INFO] 下载sing-geosite规则：geosite-riot@cn.srs (https://raw.githubusercontent.com/SagerNet/sing-geosite/rule-set/geosite-riot@cn.srs)
2025-08-07T19:15:34.1697445Z [2025-08-07 19:15:34] [INFO] 规则转换完成：geosite-riot@cn.txt (共 2 条规则)
2025-08-07T19:15:34.1741806Z [2025-08-07 19:15:34] [INFO] 下载sing-geosite规则：geosite-samsung@cn.srs (https://raw.githubusercontent.com/SagerNet/sing-geosite/rule-set/geosite-samsung@cn.srs)
2025-08-07T19:15:34.3891272Z [2025-08-07 19:15:34] [INFO] 规则转换完成：geosite-samsung@cn.txt (共 1 条规则)
2025-08-07T19:15:34.3936319Z [2025-08-07 19:15:34] [INFO] 下载sing-geosite规则：geosite-sectigo@cn.srs (https://raw.githubusercontent.com/SagerNet/sing-geosite/rule-set/geosite-sectigo@cn.srs)
2025-08-07T19:15:34.6005319Z [2025-08-07 19:15:34] [INFO] 规则转换完成：geosite-sectigo@cn.txt (共 5 条规则)
2025-08-07T19:15:34.6051592Z [2025-08-07 19:15:34] [INFO] 下载sing-geosite规则：geosite-shopee@cn.srs (https://raw.githubusercontent.com/SagerNet/sing-geosite/rule-set/geosite-shopee@cn.srs)
2025-08-07T19:15:34.8096277Z [2025-08-07 19:15:34] [INFO] 规则转换完成：geosite-shopee@cn.txt (共 2 条规则)
2025-08-07T19:15:34.8141354Z [2025-08-07 19:15:34] [INFO] 下载sing-geosite规则：geosite-sina@!cn.srs (https://raw.githubusercontent.com/SagerNet/sing-geosite/rule-set/geosite-sina@!cn.srs)
2025-08-07T19:15:35.0264553Z [2025-08-07 19:15:35] [INFO] 规则转换完成：geosite-sina@!cn.txt (共 7 条规则)
2025-08-07T19:15:35.0308744Z [2025-08-07 19:15:35] [INFO] 下载sing-geosite规则：geosite-sky@cn.srs (https://raw.githubusercontent.com/SagerNet/sing-geosite/rule-set/geosite-sky@cn.srs)
2025-08-07T19:15:35.2357633Z [2025-08-07 19:15:35] [INFO] 规则转换完成：geosite-sky@cn.txt (共 1 条规则)
2025-08-07T19:15:35.2402125Z [2025-08-07 19:15:35] [INFO] 下载sing-geosite规则：geosite-sslcom@cn.srs (https://raw.githubusercontent.com/SagerNet/sing-geosite/rule-set/geosite-sslcom@cn.srs)
2025-08-07T19:15:35.4360075Z [2025-08-07 19:15:35] [INFO] 规则转换完成：geosite-sslcom@cn.txt (共 1 条规则)
2025-08-07T19:15:35.4403594Z [2025-08-07 19:15:35] [INFO] 下载sing-geosite规则：geosite-st@cn.srs (https://raw.githubusercontent.com/SagerNet/sing-geosite/rule-set/geosite-st@cn.srs)
2025-08-07T19:15:35.6603260Z [2025-08-07 19:15:35] [INFO] 规则转换完成：geosite-st@cn.txt (共 1 条规则)
2025-08-07T19:15:35.6647490Z [2025-08-07 19:15:35] [INFO] 下载sing-geosite规则：geosite-starbucks@cn.srs (https://raw.githubusercontent.com/SagerNet/sing-geosite/rule-set/geosite-starbucks@cn.srs)
2025-08-07T19:15:35.8775496Z [2025-08-07 19:15:35] [INFO] 规则转换完成：geosite-starbucks@cn.txt (共 1 条规则)
2025-08-07T19:15:35.8820382Z [2025-08-07 19:15:35] [INFO] 下载sing-geosite规则：geosite-steam@cn.srs (https://raw.githubusercontent.com/SagerNet/sing-geosite/rule-set/geosite-steam@cn.srs)
2025-08-07T19:15:36.0511358Z [2025-08-07 19:15:36] [INFO] 规则转换完成：geosite-steam@cn.txt (共 15 条规则)
2025-08-07T19:15:36.0555302Z [2025-08-07 19:15:36] [INFO] 下载sing-geosite规则：geosite-strepsils@cn.srs (https://raw.githubusercontent.com/SagerNet/sing-geosite/rule-set/geosite-strepsils@cn.srs)
2025-08-07T19:15:36.2805139Z [2025-08-07 19:15:36] [INFO] 规则转换完成：geosite-strepsils@cn.txt (共 2 条规则)
2025-08-07T19:15:36.2849442Z [2025-08-07 19:15:36] [INFO] 下载sing-geosite规则：geosite-swift@cn.srs (https://raw.githubusercontent.com/SagerNet/sing-geosite/rule-set/geosite-swift@cn.srs)
2025-08-07T19:15:36.4736610Z [2025-08-07 19:15:36] [INFO] 规则转换完成：geosite-swift@cn.txt (共 2 条规则)
2025-08-07T19:15:36.4781514Z [2025-08-07 19:15:36] [INFO] 下载sing-geosite规则：geosite-synology@cn.srs (https://raw.githubusercontent.com/SagerNet/sing-geosite/rule-set/geosite-synology@cn.srs)
2025-08-07T19:15:36.6726764Z [2025-08-07 19:15:36] [INFO] 规则转换完成：geosite-synology@cn.txt (共 2 条规则)
2025-08-07T19:15:36.6771287Z [2025-08-07 19:15:36] [INFO] 下载sing-geosite规则：geosite-teamviewer@cn.srs (https://raw.githubusercontent.com/SagerNet/sing-geosite/rule-set/geosite-teamviewer@cn.srs)
2025-08-07T19:15:36.8848865Z [2025-08-07 19:15:36] [INFO] 规则转换完成：geosite-teamviewer@cn.txt (共 1 条规则)
2025-08-07T19:15:36.8893521Z [2025-08-07 19:15:36] [INFO] 下载sing-geosite规则：geosite-tencent@!cn.srs (https://raw.githubusercontent.com/SagerNet/sing-geosite/rule-set/geosite-tencent@!cn.srs)
2025-08-07T19:15:37.0851107Z [2025-08-07 19:15:37] [INFO] 规则转换完成：geosite-tencent@!cn.txt (共 67 条规则)
2025-08-07T19:15:37.0895932Z [2025-08-07 19:15:37] [INFO] 下载sing-geosite规则：geosite-tencent@cn.srs (https://raw.githubusercontent.com/SagerNet/sing-geosite/rule-set/geosite-tencent@cn.srs)
2025-08-07T19:15:37.2983258Z [2025-08-07 19:15:37] [INFO] 规则转换完成：geosite-tencent@cn.txt (共 86 条规则)
2025-08-07T19:15:37.3028153Z [2025-08-07 19:15:37] [INFO] 下载sing-geosite规则：geosite-tesla@cn.srs (https://raw.githubusercontent.com/SagerNet/sing-geosite/rule-set/geosite-tesla@cn.srs)
2025-08-07T19:15:37.5087921Z [2025-08-07 19:15:37] [INFO] 规则转换完成：geosite-tesla@cn.txt (共 5 条规则)
2025-08-07T19:15:37.5131765Z [2025-08-07 19:15:37] [INFO] 下载sing-geosite规则：geosite-test-ipv6@cn.srs (https://raw.githubusercontent.com/SagerNet/sing-geosite/rule-set/geosite-test-ipv6@cn.srs)
2025-08-07T19:15:37.6864460Z [2025-08-07 19:15:37] [INFO] 规则转换完成：geosite-test-ipv6@cn.txt (共 1 条规则)
2025-08-07T19:15:37.6908851Z [2025-08-07 19:15:37] [INFO] 下载sing-geosite规则：geosite-thelinuxfoundation@cn.srs (https://raw.githubusercontent.com/SagerNet/sing-geosite/rule-set/geosite-thelinuxfoundation@cn.srs)
2025-08-07T19:15:37.8858586Z [2025-08-07 19:15:37] [INFO] 规则转换完成：geosite-thelinuxfoundation@cn.txt (共 1 条规则)
2025-08-07T19:15:37.8902540Z [2025-08-07 19:15:37] [INFO] 下载sing-geosite规则：geosite-thetype@cn.srs (https://raw.githubusercontent.com/SagerNet/sing-geosite/rule-set/geosite-thetype@cn.srs)
2025-08-07T19:15:38.0919213Z [2025-08-07 19:15:38] [INFO] 规则转换完成：geosite-thetype@cn.txt (共 1 条规则)
2025-08-07T19:15:38.0963351Z [2025-08-07 19:15:38] [INFO] 下载sing-geosite规则：geosite-tiktok@!cn.srs (https://raw.githubusercontent.com/SagerNet/sing-geosite/rule-set/geosite-tiktok@!cn.srs)
2025-08-07T19:15:38.2887693Z [2025-08-07 19:15:38] [INFO] 规则转换完成：geosite-tiktok@!cn.txt (共 21 条规则)
2025-08-07T19:15:38.2932676Z [2025-08-07 19:15:38] [INFO] 下载sing-geosite规则：geosite-tvb@cn.srs (https://raw.githubusercontent.com/SagerNet/sing-geosite/rule-set/geosite-tvb@cn.srs)
2025-08-07T19:15:38.4976028Z [2025-08-07 19:15:38] [INFO] 规则转换完成：geosite-tvb@cn.txt (共 1 条规则)
2025-08-07T19:15:38.5019387Z [2025-08-07 19:15:38] [INFO] 下载sing-geosite规则：geosite-ubiquiti@cn.srs (https://raw.githubusercontent.com/SagerNet/sing-geosite/rule-set/geosite-ubiquiti@cn.srs)
2025-08-07T19:15:38.7076260Z [2025-08-07 19:15:38] [INFO] 规则转换完成：geosite-ubiquiti@cn.txt (共 7 条规则)
2025-08-07T19:15:38.7120192Z [2025-08-07 19:15:38] [INFO] 下载sing-geosite规则：geosite-ubisoft@cn.srs (https://raw.githubusercontent.com/SagerNet/sing-geosite/rule-set/geosite-ubisoft@cn.srs)
2025-08-07T19:15:38.9349344Z [2025-08-07 19:15:38] [INFO] 规则转换完成：geosite-ubisoft@cn.txt (共 1 条规则)
2025-08-07T19:15:38.9393286Z [2025-08-07 19:15:38] [INFO] 下载sing-geosite规则：geosite-vanish@cn.srs (https://raw.githubusercontent.com/SagerNet/sing-geosite/rule-set/geosite-vanish@cn.srs)
2025-08-07T19:15:39.1348142Z [2025-08-07 19:15:39] [INFO] 规则转换完成：geosite-vanish@cn.txt (共 1 条规则)
2025-08-07T19:15:39.1392224Z [2025-08-07 19:15:39] [INFO] 下载sing-geosite规则：geosite-veet@cn.srs (https://raw.githubusercontent.com/SagerNet/sing-geosite/rule-set/geosite-veet@cn.srs)
2025-08-07T19:15:39.3675714Z [2025-08-07 19:15:39] [INFO] 规则转换完成：geosite-veet@cn.txt (共 2 条规则)
2025-08-07T19:15:39.3721217Z [2025-08-07 19:15:39] [INFO] 下载sing-geosite规则：geosite-verizon@cn.srs (https://raw.githubusercontent.com/SagerNet/sing-geosite/rule-set/geosite-verizon@cn.srs)
2025-08-07T19:15:39.5775668Z [2025-08-07 19:15:39] [INFO] 规则转换完成：geosite-verizon@cn.txt (共 2 条规则)
2025-08-07T19:15:39.5819374Z [2025-08-07 19:15:39] [INFO] 下载sing-geosite规则：geosite-visa@cn.srs (https://raw.githubusercontent.com/SagerNet/sing-geosite/rule-set/geosite-visa@cn.srs)
2025-08-07T19:15:39.7818897Z [2025-08-07 19:15:39] [INFO] 规则转换完成：geosite-visa@cn.txt (共 9 条规则)
2025-08-07T19:15:39.7862365Z [2025-08-07 19:15:39] [INFO] 下载sing-geosite规则：geosite-vivo@!cn.srs (https://raw.githubusercontent.com/SagerNet/sing-geosite/rule-set/geosite-vivo@!cn.srs)
2025-08-07T19:15:39.9998876Z [2025-08-07 19:15:39] [INFO] 规则转换完成：geosite-vivo@!cn.txt (共 1 条规则)
2025-08-07T19:15:40.0042909Z [2025-08-07 19:15:40] [INFO] 下载sing-geosite规则：geosite-vmware@cn.srs (https://raw.githubusercontent.com/SagerNet/sing-geosite/rule-set/geosite-vmware@cn.srs)
2025-08-07T19:15:40.2090626Z [2025-08-07 19:15:40] [INFO] 规则转换完成：geosite-vmware@cn.txt (共 1 条规则)
2025-08-07T19:15:40.2134830Z [2025-08-07 19:15:40] [INFO] 下载sing-geosite规则：geosite-volvo@cn.srs (https://raw.githubusercontent.com/SagerNet/sing-geosite/rule-set/geosite-volvo@cn.srs)
2025-08-07T19:15:40.4217143Z [2025-08-07 19:15:40] [INFO] 规则转换完成：geosite-volvo@cn.txt (共 6 条规则)
2025-08-07T19:15:40.4261101Z [2025-08-07 19:15:40] [INFO] 下载sing-geosite规则：geosite-walmart@cn.srs (https://raw.githubusercontent.com/SagerNet/sing-geosite/rule-set/geosite-walmart@cn.srs)
2025-08-07T19:15:40.6236982Z [2025-08-07 19:15:40] [INFO] 规则转换完成：geosite-walmart@cn.txt (共 1 条规则)
2025-08-07T19:15:40.6281121Z [2025-08-07 19:15:40] [INFO] 下载sing-geosite规则：geosite-webex@cn.srs (https://raw.githubusercontent.com/SagerNet/sing-geosite/rule-set/geosite-webex@cn.srs)
2025-08-07T19:15:40.8104075Z [2025-08-07 19:15:40] [INFO] 规则转换完成：geosite-webex@cn.txt (共 1 条规则)
2025-08-07T19:15:40.8148527Z [2025-08-07 19:15:40] [INFO] 下载sing-geosite规则：geosite-westerndigital@cn.srs (https://raw.githubusercontent.com/SagerNet/sing-geosite/rule-set/geosite-westerndigital@cn.srs)
2025-08-07T19:15:41.0023076Z [2025-08-07 19:15:41] [INFO] 规则转换完成：geosite-westerndigital@cn.txt (共 1 条规则)
2025-08-07T19:15:41.0067224Z [2025-08-07 19:15:41] [INFO] 下载sing-geosite规则：geosite-woolite@cn.srs (https://raw.githubusercontent.com/SagerNet/sing-geosite/rule-set/geosite-woolite@cn.srs)
2025-08-07T19:15:41.1999707Z [2025-08-07 19:15:41] [INFO] 规则转换完成：geosite-woolite@cn.txt (共 2 条规则)
2025-08-07T19:15:41.2043931Z [2025-08-07 19:15:41] [INFO] 下载sing-geosite规则：geosite-xbox@cn.srs (https://raw.githubusercontent.com/SagerNet/sing-geosite/rule-set/geosite-xbox@cn.srs)
2025-08-07T19:15:41.4020670Z [2025-08-07 19:15:41] [INFO] 规则转换完成：geosite-xbox@cn.txt (共 1 条规则)
2025-08-07T19:15:41.4064828Z [2025-08-07 19:15:41] [INFO] 下载sing-geosite规则：geosite-xiaomi@!cn.srs (https://raw.githubusercontent.com/SagerNet/sing-geosite/rule-set/geosite-xiaomi@!cn.srs)
2025-08-07T19:15:41.6108050Z [2025-08-07 19:15:41] [INFO] 规则转换完成：geosite-xiaomi@!cn.txt (共 2 条规则)
2025-08-07T19:15:41.6152072Z [2025-08-07 19:15:41] [INFO] 下载sing-geosite规则：geosite-yahoo@cn.srs (https://raw.githubusercontent.com/SagerNet/sing-geosite/rule-set/geosite-yahoo@cn.srs)
2025-08-07T19:15:41.8692714Z [2025-08-07 19:15:41] [INFO] 规则转换完成：geosite-yahoo@cn.txt (共 2 条规则)
2025-08-07T19:15:41.8737030Z [2025-08-07 19:15:41] [INFO] 下载sing-geosite规则：geosite-youtube@cn.srs (https://raw.githubusercontent.com/SagerNet/sing-geosite/rule-set/geosite-youtube@cn.srs)
2025-08-07T19:15:42.1059776Z [2025-08-07 19:15:42] [INFO] 规则转换完成：geosite-youtube@cn.txt (共 1 条规则)
2025-08-07T19:15:42.1103350Z [2025-08-07 19:15:42] [INFO] 下载sing-geosite规则：geosite-zte@!cn.srs (https://raw.githubusercontent.com/SagerNet/sing-geosite/rule-set/geosite-zte@!cn.srs)
2025-08-07T19:15:42.3079409Z [2025-08-07 19:15:42] [INFO] 规则转换完成：geosite-zte@!cn.txt (共 1 条规则)
2025-08-07T19:15:42.3110167Z [2025-08-07 19:15:42] [INFO] sing-geosite规则下载完成，共下载并转换 188 个规则文件，包含 44355 条规则
2025-08-07T19:15:42.3125243Z [2025-08-07 19:15:42] [INFO] 开始合并 @cn 类型规则
2025-08-07T19:15:42.3199503Z [2025-08-07 19:15:42] [INFO] 正在合并 141 个规则文件
2025-08-07T19:15:42.3412231Z [2025-08-07 19:15:42] [INFO] 合并后的规则数量：1186
2025-08-07T19:15:42.3426085Z [2025-08-07 19:15:42] [INFO] 正在编译规则集: ./rules/json/geosite-all@cn.json
2025-08-07T19:15:42.3628880Z [2025-08-07 19:15:42] [INFO] 正在转换规则格式: ./rules/sing-box/geosite-all@cn.srs
2025-08-07T19:15:42.3959849Z [2025-08-07 19:15:42] [INFO] 规则转换完成：geosite-all@cn.txt (共 1181 条规则)
2025-08-07T19:15:42.3973863Z [2025-08-07 19:15:42] [INFO] 开始合并 @!cn 类型规则
2025-08-07T19:15:42.4020743Z [2025-08-07 19:15:42] [INFO] 正在合并 45 个规则文件
2025-08-07T19:15:42.4498541Z [2025-08-07 19:15:42] [INFO] 合并后的规则数量：7526
2025-08-07T19:15:42.4511372Z [2025-08-07 19:15:42] [INFO] 正在编译规则集: ./rules/json/geosite-all@!cn.json
2025-08-07T19:15:42.5028947Z [2025-08-07 19:15:42] [INFO] 正在转换规则格式: ./rules/sing-box/geosite-all@!cn.srs
2025-08-07T19:15:42.5714770Z [2025-08-07 19:15:42] [INFO] 规则转换完成：geosite-all@!cn.txt (共 7525 条规则)
2025-08-07T19:15:42.5727953Z [2025-08-07 19:15:42] [INFO] === 规则更新完成 ===
2025-08-07T19:15:42.5769050Z ##[group]Run if [ -n "$(git status --porcelain rules clang)" ]; then
2025-08-07T19:15:42.5769521Z [36;1mif [ -n "$(git status --porcelain rules clang)" ]; then[0m
2025-08-07T19:15:42.5769853Z [36;1m  echo "changes=true" >> $GITHUB_OUTPUT[0m
2025-08-07T19:15:42.5770177Z [36;1m  echo "Changes detected in rules and clang directories"[0m
2025-08-07T19:15:42.5770459Z [36;1melse[0m
2025-08-07T19:15:42.5770659Z [36;1m  echo "changes=false" >> $GITHUB_OUTPUT[0m
2025-08-07T19:15:42.5770920Z [36;1m  echo "No changes detected"[0m
2025-08-07T19:15:42.5771142Z [36;1mfi[0m
2025-08-07T19:15:42.5798299Z shell: /usr/bin/bash -e {0}
2025-08-07T19:15:42.5798525Z ##[endgroup]
2025-08-07T19:15:42.5947340Z Changes detected in rules and clang directories
2025-08-07T19:15:42.6007872Z ##[group]Run # Create timestamp for release
2025-08-07T19:15:42.6008214Z [36;1m# Create timestamp for release[0m
2025-08-07T19:15:42.6008474Z [36;1mTIMESTAMP=$(date '+%Y%m%d-%H%M%S')[0m
2025-08-07T19:15:42.6008779Z [36;1mecho "RELEASE_TAG=rules-$TIMESTAMP" >> $GITHUB_ENV[0m
2025-08-07T19:15:42.6009167Z [36;1mecho "RELEASE_NAME=Network Rules Update $TIMESTAMP" >> $GITHUB_ENV[0m
2025-08-07T19:15:42.6009479Z [36;1m[0m
2025-08-07T19:15:42.6009663Z [36;1m# Create archive with updated rules[0m
2025-08-07T19:15:42.6009960Z [36;1mtar -czf network-rules-$TIMESTAMP.tar.gz rules/[0m
2025-08-07T19:15:42.6010362Z [36;1mecho "ARCHIVE_NAME=network-rules-$TIMESTAMP.tar.gz" >> $GITHUB_ENV[0m
2025-08-07T19:15:42.6010681Z [36;1m[0m
2025-08-07T19:15:42.6010851Z [36;1m# Generate release notes[0m
2025-08-07T19:15:42.6011102Z [36;1mecho "## 📋 更新内容" > release-notes.md[0m
2025-08-07T19:15:42.6011359Z [36;1mecho "" >> release-notes.md[0m
2025-08-07T19:15:42.6011639Z [36;1mecho "本次更新包含以下文件：" >> release-notes.md[0m
2025-08-07T19:15:42.6011906Z [36;1mecho "" >> release-notes.md[0m
2025-08-07T19:15:42.6012165Z [36;1mecho "### 🌐 网络规则文件" >> release-notes.md[0m
2025-08-07T19:15:42.6012620Z [36;1mecho "- **network-rules-\$TIMESTAMP.tar.gz**: 打包的规则文件（JSON、MosDNS、Sing-Box格式）" >> release-notes.md[0m
2025-08-07T19:15:42.6013330Z [36;1mecho "- **clang/ros/**: Mikrotik RouterOS 路由规则文件（.rsc格式）" >> release-notes.md[0m
2025-08-07T19:15:42.6013982Z [36;1mecho "- **clang/ip/**: 原始IP地址列表文件（.txt格式）" >> release-notes.md[0m
2025-08-07T19:15:42.6014299Z [36;1mecho "" >> release-notes.md[0m
2025-08-07T19:15:42.6014556Z [36;1mecho "### 📊 统计信息" >> release-notes.md[0m
2025-08-07T19:15:42.6014931Z [36;1mecho "- JSON规则文件数量: $(find rules/json/ -name '*.json' | wc -l)" >> release-notes.md[0m
2025-08-07T19:15:42.6015421Z [36;1mecho "- MosDNS规则文件数量: $(find rules/mosdns/ -name '*.txt' | wc -l)" >> release-notes.md[0m
2025-08-07T19:15:42.6015942Z [36;1mecho "- Sing-Box规则文件数量: $(find rules/sing-box/ -name '*.srs' | wc -l)" >> release-notes.md[0m
2025-08-07T19:15:42.6016450Z [36;1mecho "- RouterOS规则文件数量: $(find clang/ros/ -name '*.rsc' | wc -l)" >> release-notes.md[0m
2025-08-07T19:15:42.6016909Z [36;1mecho "- IP地址文件数量: $(find clang/ip/ -name '*.txt' | wc -l)" >> release-notes.md[0m
2025-08-07T19:15:42.6017245Z [36;1mecho "" >> release-notes.md[0m
2025-08-07T19:15:42.6017518Z [36;1mecho "### ⏰ 更新时间" >> release-notes.md[0m
2025-08-07T19:15:42.6017839Z [36;1mecho "$(date '+%Y年%m月%d日 %H:%M:%S UTC')" >> release-notes.md[0m
2025-08-07T19:15:42.6043581Z shell: /usr/bin/bash -e {0}
2025-08-07T19:15:42.6044018Z ##[endgroup]
2025-08-07T19:15:42.7156900Z ##[group]Run softprops/action-gh-release@v1
2025-08-07T19:15:42.7157180Z with:
2025-08-07T19:15:42.7157361Z   tag_name: rules-20250807-191542
2025-08-07T19:15:42.7157603Z   name: Network Rules Update 20250807-191542
2025-08-07T19:15:42.7157858Z   body_path: release-notes.md
2025-08-07T19:15:42.7158190Z   files: network-rules-20250807-191542.tar.gz
clang/ros/*.rsc
clang/ip/*.txt

2025-08-07T19:15:42.7158540Z   draft: false
2025-08-07T19:15:42.7158709Z   prerelease: false
2025-08-07T19:15:42.7159030Z   token: ***
2025-08-07T19:15:42.7159201Z env:
2025-08-07T19:15:42.7159361Z   RELEASE_TAG: rules-20250807-191542
2025-08-07T19:15:42.7159631Z   RELEASE_NAME: Network Rules Update 20250807-191542
2025-08-07T19:15:42.7159944Z   ARCHIVE_NAME: network-rules-20250807-191542.tar.gz
2025-08-07T19:15:42.7160290Z   GITHUB_TOKEN: ***
2025-08-07T19:15:42.7160468Z ##[endgroup]
2025-08-07T19:15:43.0134192Z 👩‍🏭 Creating new GitHub release for tag rules-20250807-191542...
2025-08-07T19:15:43.6847243Z ⬆️ Uploading network-rules-20250807-191542.tar.gz...
2025-08-07T19:15:43.6866825Z ⬆️ Uploading china_ipv4.rsc...
2025-08-07T19:15:43.6878335Z ⬆️ Uploading china_ipv6.rsc...
2025-08-07T19:15:43.6889797Z ⬆️ Uploading nocn_ipv4.rsc...
2025-08-07T19:15:43.6903230Z ⬆️ Uploading nocn_ipv6.rsc...
2025-08-07T19:15:43.6910784Z ⬆️ Uploading chinatelecom_ipv6.txt...
2025-08-07T19:15:43.6920852Z ⬆️ Uploading chinatelecom.txt...
2025-08-07T19:15:43.6929810Z ⬆️ Uploading cmcc_ipv6.txt...
2025-08-07T19:15:43.6939980Z ⬆️ Uploading cmcc.txt...
2025-08-07T19:15:43.6950362Z ⬆️ Uploading cn_ipv6.txt...
2025-08-07T19:15:43.6961707Z ⬆️ Uploading cn.txt...
2025-08-07T19:15:43.6975098Z ⬆️ Uploading hk_ipv6.txt...
2025-08-07T19:15:43.6984809Z ⬆️ Uploading hk.txt...
2025-08-07T19:15:43.6994069Z ⬆️ Uploading mo_ipv6.txt...
2025-08-07T19:15:43.7003553Z ⬆️ Uploading mo.txt...
2025-08-07T19:15:43.7013259Z ⬆️ Uploading unicom_cnc_ipv6.txt...
2025-08-07T19:15:43.7020464Z ⬆️ Uploading unicom_cnc.txt...
2025-08-07T19:15:44.4202182Z 🎉 Release ready at https://github.com/Andylive5518/update_rules/releases/tag/rules-20250807-191542
2025-08-07T19:15:44.4303412Z ##[group]Run # 获取3天前的时间戳
2025-08-07T19:15:44.4303896Z [36;1m# 获取3天前的时间戳[0m
2025-08-07T19:15:44.4304175Z [36;1mCUTOFF_DATE=$(date -d "3 days ago" -u +"%Y-%m-%dT%H:%M:%SZ")[0m
2025-08-07T19:15:44.4304510Z [36;1mecho "删除早于 $CUTOFF_DATE 的release"[0m
2025-08-07T19:15:44.4304741Z [36;1m[0m
2025-08-07T19:15:44.4304924Z [36;1m# 获取所有release并删除超过3天的[0m
2025-08-07T19:15:44.4305237Z [36;1mgh release list --limit 100 --json tagName,createdAt,name | \[0m
2025-08-07T19:15:44.4305595Z [36;1mjq -r --arg cutoff "$CUTOFF_DATE" \[0m
2025-08-07T19:15:44.4305893Z [36;1m  '.[] | select(.createdAt < $cutoff) | .tagName' | \[0m
2025-08-07T19:15:44.4306357Z [36;1mwhile read -r tag; do[0m
2025-08-07T19:15:44.4306578Z [36;1m  if [ ! -z "$tag" ]; then[0m
2025-08-07T19:15:44.4306801Z [36;1m    echo "删除release: $tag"[0m
2025-08-07T19:15:44.4307118Z [36;1m    gh release delete "$tag" --yes --cleanup-tag || echo "删除失败: $tag"[0m
2025-08-07T19:15:44.4307441Z [36;1m  fi[0m
2025-08-07T19:15:44.4307643Z [36;1mdone[0m
2025-08-07T19:15:44.4334572Z shell: /usr/bin/bash -e {0}
2025-08-07T19:15:44.4334792Z env:
2025-08-07T19:15:44.4334961Z   RELEASE_TAG: rules-20250807-191542
2025-08-07T19:15:44.4335240Z   RELEASE_NAME: Network Rules Update 20250807-191542
2025-08-07T19:15:44.4335550Z   ARCHIVE_NAME: network-rules-20250807-191542.tar.gz
2025-08-07T19:15:44.4336204Z   GITHUB_TOKEN: ***
2025-08-07T19:15:44.4336405Z ##[endgroup]
2025-08-07T19:15:44.4394265Z 删除早于 2025-08-04T19:15:44Z 的release
2025-08-07T19:15:45.1657518Z 删除release: rules-20250807-191542
2025-08-07T19:15:46.3201172Z Post job cleanup.
2025-08-07T19:15:46.4569446Z [warning]Path Validation Error: Path(s) specified in the action for caching do(es) not exist, hence no cache is being saved.
2025-08-07T19:15:46.4670534Z Post job cleanup.
2025-08-07T19:15:46.5602107Z [command]/usr/bin/git version
2025-08-07T19:15:46.5637730Z git version 2.50.1
2025-08-07T19:15:46.5680827Z Temporarily overriding HOME='/home/runner/work/_temp/7b3e0e28-c523-4c6c-97fa-b3bc5f569eb5' before making global git config changes
2025-08-07T19:15:46.5681807Z Adding repository directory to the temporary git global config as a safe directory
2025-08-07T19:15:46.5686392Z [command]/usr/bin/git config --global --add safe.directory /home/runner/work/update_rules/update_rules
2025-08-07T19:15:46.5722175Z [command]/usr/bin/git config --local --name-only --get-regexp core\.sshCommand
2025-08-07T19:15:46.5754658Z [command]/usr/bin/git submodule foreach --recursive sh -c "git config --local --name-only --get-regexp 'core\.sshCommand' && git config --local --unset-all 'core.sshCommand' || :"
2025-08-07T19:15:46.5982572Z [command]/usr/bin/git config --local --name-only --get-regexp http\.https\:\/\/github\.com\/\.extraheader
2025-08-07T19:15:46.6003568Z http.https://github.com/.extraheader
2025-08-07T19:15:46.6017105Z [command]/usr/bin/git config --local --unset-all http.https://github.com/.extraheader
2025-08-07T19:15:46.6048229Z [command]/usr/bin/git submodule foreach --recursive sh -c "git config --local --name-only --get-regexp 'http\.https\:\/\/github\.com\/\.extraheader' && git config --local --unset-all 'http.https://github.com/.extraheader' || :"
2025-08-07T19:15:46.6374182Z Cleaning up orphan processes
